Component: ARM Compiler 5.05 update 1 (build 106) Tool: armlink [4d0efa]

==============================================================================

Section Cross References

    main.o(i.TIM3_IRQHandler) refers to stm32f10x_tim.o(i.TIM_GetITStatus) for TIM_GetITStatus
    main.o(i.TIM3_IRQHandler) refers to stm32f10x_tim.o(i.TIM_ClearITPendingBit) for TIM_ClearITPendingBit
    main.o(i.TIM3_IRQHandler) refers to main.o(.data) for floorConTime
    main.o(i.main) refers to _printf_percent.o(.ARM.Collect$$_printf_percent$$00000000) for _printf_percent
    main.o(i.main) refers to _printf_s.o(.ARM.Collect$$_printf_percent$$00000014) for _printf_s
    main.o(i.main) refers to _printf_str.o(.text) for _printf_str
    main.o(i.main) refers to led.o(i.LED_Init) for LED_Init
    main.o(i.main) refers to key.o(i.KEY_Init) for KEY_Init
    main.o(i.main) refers to delay.o(i.delay_init) for delay_init
    main.o(i.main) refers to stm32f10x_rcc.o(i.RCC_APB2PeriphClockCmd) for RCC_APB2PeriphClockCmd
    main.o(i.main) refers to stm32f10x_gpio.o(i.GPIO_PinRemapConfig) for GPIO_PinRemapConfig
    main.o(i.main) refers to usart.o(i.usart1_init) for usart1_init
    main.o(i.main) refers to noretval__2sprintf.o(.text) for __2sprintf
    main.o(i.main) refers to tim.o(i.TIM3_Init) for TIM3_Init
    main.o(i.main) refers to stm32f10x_tim.o(i.TIM_Cmd) for TIM_Cmd
    main.o(i.main) refers to delay.o(i.delay_ms) for delay_ms
    main.o(i.main) refers to key.o(i.Touch_Scan) for Touch_Scan
    main.o(i.main) refers to led.o(i.LED_COLOR_2_595) for LED_COLOR_2_595
    main.o(i.main) refers to main.o(.bss) for sysCfg
    main.o(i.main) refers to led.o(.data) for ledColor
    system_stm32f10x.o(i.SetSysClock) refers to system_stm32f10x.o(i.SetSysClockTo72) for SetSysClockTo72
    system_stm32f10x.o(i.SetSysClockTo72) refers to stm32f10x_rcc.o(i.RCC_DeInit) for RCC_DeInit
    system_stm32f10x.o(i.SetSysClockTo72) refers to stm32f10x_rcc.o(i.RCC_HSICmd) for RCC_HSICmd
    system_stm32f10x.o(i.SetSysClockTo72) refers to stm32f10x_rcc.o(i.RCC_GetFlagStatus) for RCC_GetFlagStatus
    system_stm32f10x.o(i.SetSysClockTo72) refers to stm32f10x_rcc.o(i.RCC_HCLKConfig) for RCC_HCLKConfig
    system_stm32f10x.o(i.SetSysClockTo72) refers to stm32f10x_rcc.o(i.RCC_PCLK1Config) for RCC_PCLK1Config
    system_stm32f10x.o(i.SetSysClockTo72) refers to stm32f10x_rcc.o(i.RCC_PCLK2Config) for RCC_PCLK2Config
    system_stm32f10x.o(i.SetSysClockTo72) refers to stm32f10x_rcc.o(i.RCC_PLLConfig) for RCC_PLLConfig
    system_stm32f10x.o(i.SetSysClockTo72) refers to stm32f10x_rcc.o(i.RCC_PLLCmd) for RCC_PLLCmd
    system_stm32f10x.o(i.SetSysClockTo72) refers to stm32f10x_rcc.o(i.RCC_SYSCLKConfig) for RCC_SYSCLKConfig
    system_stm32f10x.o(i.SetSysClockTo72) refers to stm32f10x_rcc.o(i.RCC_GetSYSCLKSource) for RCC_GetSYSCLKSource
    system_stm32f10x.o(i.SystemCoreClockUpdate) refers to system_stm32f10x.o(.data) for SystemCoreClock
    system_stm32f10x.o(i.SystemInit) refers to system_stm32f10x.o(i.SetSysClock) for SetSysClock
    gametask.o(i.ctrlAllBall) refers to 24l01buf.o(i.SI24R1_SendBuf_Write) for SI24R1_SendBuf_Write
    gametask.o(i.ctrlOneBall) refers to 24l01buf.o(i.SI24R1_SendBuf_Write) for SI24R1_SendBuf_Write
    gametask.o(i.gamePackAction_Creatlink) refers to malloc.o(i.my_malloc) for my_malloc
    gametask.o(i.gamePack_Clear) refers to malloc.o(i.my_free) for my_free
    gametask.o(i.gamePack_Clear) refers to rt_memclr_w.o(.text) for __aeabi_memclr4
    24l01buf.o(i.Ball_OnlineDeal) refers to 24l01buf.o(.data) for Count50Ms
    24l01buf.o(i.Ball_OnlineDeal) refers to gamepackdeal.o(.bss) for ballSta
    24l01buf.o(i.EXTI0_IRQHandler) refers to stm32f10x_exti.o(i.EXTI_GetITStatus) for EXTI_GetITStatus
    24l01buf.o(i.EXTI0_IRQHandler) refers to stm32f10x_exti.o(i.EXTI_ClearITPendingBit) for EXTI_ClearITPendingBit
    24l01buf.o(i.EXTI0_IRQHandler) refers to 24l01.o(i.NRF24L01_RxPacket) for NRF24L01_RxPacket
    24l01buf.o(i.EXTI0_IRQHandler) refers to 24l01buf.o(i.SI24R1_RecDeal) for SI24R1_RecDeal
    24l01buf.o(i.EXTI0_IRQHandler) refers to 24l01buf.o(.data) for SI24R1Mode
    24l01buf.o(i.IRQ_intr_init) refers to stm32f10x_rcc.o(i.RCC_APB2PeriphClockCmd) for RCC_APB2PeriphClockCmd
    24l01buf.o(i.IRQ_intr_init) refers to stm32f10x_gpio.o(i.GPIO_Init) for GPIO_Init
    24l01buf.o(i.IRQ_intr_init) refers to stm32f10x_gpio.o(i.GPIO_EXTILineConfig) for GPIO_EXTILineConfig
    24l01buf.o(i.IRQ_intr_init) refers to stm32f10x_exti.o(i.EXTI_Init) for EXTI_Init
    24l01buf.o(i.IRQ_intr_init) refers to misc.o(i.NVIC_PriorityGroupConfig) for NVIC_PriorityGroupConfig
    24l01buf.o(i.IRQ_intr_init) refers to misc.o(i.NVIC_Init) for NVIC_Init
    24l01buf.o(i.Mode1_ReceiverBufClear) refers to 24l01buf.o(.bss) for Mode1ReceiverBuf
    24l01buf.o(i.Mode1_ReceiverBuf_Read) refers to 24l01buf.o(.bss) for Mode1ReceiverBuf
    24l01buf.o(i.Mode1_ReceiverBuf_Write) refers to 24l01buf.o(.bss) for Mode1ReceiverBuf
[...]
    Removing cjson.o(i.skip), (18 bytes).
    Removing cjson.o(i.suffix_object), (6 bytes).
    Removing cjson.o(i.update), (32 bytes).
    Removing cjson.o(.constdata), (7 bytes).
    Removing cjson.o(.data), (12 bytes).
    Removing cjsondatadeal.o(i.ApiGetDriverList), (200 bytes).
    Removing cjsondatadeal.o(i.ApiGetSchedule), (268 bytes).
    Removing cjsondatadeal.o(i.ApiGetSysSta), (112 bytes).
    Removing cjsondatadeal.o(i.ApiHeartbeat), (68 bytes).
    Removing cjsondatadeal.o(i.ApiInquire), (44 bytes).
    Removing cjsondatadeal.o(i.ApiSendMusic), (312 bytes).
    Removing cjsondatadeal.o(i.ApiSetTime), (80 bytes).
    Removing cjsondatadeal.o(i.ApiStart), (104 bytes).
    Removing cjsondatadeal.o(i.ApiStop), (148 bytes).
    Removing cjsondatadeal.o(i.ApiStopMusic), (272 bytes).
    Removing cjsondatadeal.o(i.Api_info), (208 bytes).
    Removing cjsondatadeal.o(i.Api_reset), (80 bytes).
    Removing cjsondatadeal.o(i.main_json_data_deal), (280 bytes).
    Removing wifiusart.o(i.WifiSendData), (48 bytes).
    Removing wifiusart.o(i.WifiUsart_task), (200 bytes).
    Removing wifiusart.o(i.clc_uart1), (40 bytes).
    Removing malloc.o(i.my_free), (32 bytes).
    Removing malloc.o(i.my_malloc), (36 bytes).
    Removing malloc.o(i.my_mem_free), (108 bytes).
    Removing malloc.o(i.my_mem_init), (68 bytes).
    Removing malloc.o(i.my_mem_malloc), (168 bytes).
    Removing malloc.o(i.my_mem_perused), (64 bytes).
    Removing malloc.o(i.myfree), (36 bytes).
    Removing malloc.o(i.mymalloc), (40 bytes).
    Removing malloc.o(i.mymemcpy), (26 bytes).
    Removing malloc.o(i.mymemset), (20 bytes).
    Removing malloc.o(i.myrealloc), (68 bytes).
    Removing malloc.o(.bss), (10880 bytes).
    Removing malloc.o(.constdata), (24 bytes).
    Removing malloc.o(.data), (28 bytes).
    Removing key.o(i.KEY_Scan), (340 bytes).
    Removing key.o(.data), (2 bytes).
    Removing adc.o(i.Adc_Init), (140 bytes).
    Removing adc.o(i.Get_Adc), (52 bytes).
    Removing adc.o(i.Get_Adc_Average), (46 bytes).
    Removing eeprom.o(i.MemReadByte), (36 bytes).
    Removing eeprom.o(i.MemWriteByte), (88 bytes).
    Removing 24l01.o(i.NRF24L01_Check), (80 bytes).
    Removing 24l01.o(i.NRF24L01_Init), (216 bytes).
    Removing 24l01.o(i.NRF24L01_RX_Mode), (148 bytes).
    Removing 24l01.o(i.NRF24L01_TX_Mode), (100 bytes).
    Removing 24l01.o(i.NRF24L01_TxPacket), (168 bytes).
    Removing 24l01.o(i.NRF24L01_Write_Buf), (60 bytes).
    Removing 24l01.o(i.SI24R1_senddata), (62 bytes).
    Removing 24l01.o(.data), (15 bytes).
    Removing spi.o(i.SPI2_Init), (144 bytes).
    Removing spi.o(i.SPI2_SetSpeed), (40 bytes).
    Removing xt1506s.o(i.CloseAllFloor), (10 bytes).
    Removing xt1506s.o(i.LEDOUT_Init), (44 bytes).
    Removing xt1506s.o(i.LED_All_color), (56 bytes).
    Removing xt1506s.o(i.LED_LIUSHUI), (92 bytes).
    Removing xt1506s.o(i.LED_Start), (70 bytes).
    Removing xt1506s.o(i.LED_display_temp), (28 bytes).
    Removing xt1506s.o(i.LightAllFloor), (10 bytes).
    Removing xt1506s.o(i.V0), (44 bytes).
    Removing xt1506s.o(i.V0_2), (44 bytes).
    Removing xt1506s.o(i.V1), (44 bytes).
    Removing xt1506s.o(i.V1_2), (44 bytes).
    Removing xt1506s.o(i.WS_Reset), (40 bytes).
    Removing xt1506s.o(i.WS_Reset_2), (40 bytes).
    Removing xt1506s.o(i.display_one_temp), (218 bytes).
    Removing xt1506s.o(i.display_one_temp_2), (218 bytes).
    Removing xt1506s.o(.bss), (12 bytes).
    Removing xt1506s.o(.data), (1 bytes).
    Removing crc.o(i.cal_crc), (120 bytes).
    Removing crc.o(.constdata), (32 bytes).
    Removing rand_num.o(i.Rand_Init), (32 bytes).
    Removing rand_num.o(i.Rand_Running), (296 bytes).
    Removing rand_num.o(.bss), (300 bytes).

609 unused section(s) (total 44815 bytes) removed from the image.

==============================================================================

Image Symbol Table

    Local Symbols

    Symbol Name                              Value     Ov Type        Size  Object(Section)

    ../clib/angel/boardlib.s                 0x00000000   Number         0  boardinit2.o ABSOLUTE
    ../clib/angel/boardlib.s                 0x00000000   Number         0  boardinit3.o ABSOLUTE
    ../clib/angel/boardlib.s                 0x00000000   Number         0  boardshut.o ABSOLUTE
    ../clib/angel/boardlib.s                 0x00000000   Number         0  boardinit1.o ABSOLUTE
    ../clib/angel/handlers.s                 0x00000000   Number         0  __scatter_zi.o ABSOLUTE
    ../clib/angel/handlers.s                 0x00000000   Number         0  __scatter_copy.o ABSOLUTE
    ../clib/angel/kernel.s                   0x00000000   Number         0  rtexit2.o ABSOLUTE
    ../clib/angel/kernel.s                   0x00000000   Number         0  __rtentry.o ABSOLUTE
    ../clib/angel/kernel.s                   0x00000000   Number         0  __rtentry2.o ABSOLUTE
    ../clib/angel/kernel.s                   0x00000000   Number         0  __rtentry4.o ABSOLUTE
    ../clib/angel/kernel.s                   0x00000000   Number         0  rtexit.o ABSOLUTE
    ../clib/angel/rt.s                       0x00000000   Number         0  rt_ctype_table.o ABSOLUTE
    ../clib/angel/rt.s                       0x00000000   Number         0  rt_raise.o ABSOLUTE
    ../clib/angel/rt.s                       0x00000000   Number         0  rt_locale_intlibspace.o ABSOLUTE
    ../clib/angel/rt.s                       0x00000000   Number         0  rt_errno_addr.o ABSOLUTE
    ../clib/angel/rt.s                       0x00000000   Number         0  rt_errno_addr_intlibspace.o ABSOLUTE
    ../clib/angel/rt.s                       0x00000000   Number         0  rt_locale.o ABSOLUTE
    ../clib/angel/scatter.s                  0x00000000   Number         0  __scatter.o ABSOLUTE
    ../clib/angel/startup.s                  0x00000000   Number         0  __main.o ABSOLUTE
    ../clib/angel/sys.s                      0x00000000   Number         0  use_no_semi_2.o ABSOLUTE
    ../clib/angel/sys.s                      0x00000000   Number         0  indicate_semi.o ABSOLUTE
    ../clib/angel/sys.s                      0x00000000   Number         0  use_no_semi.o ABSOLUTE
    ../clib/angel/sys.s                      0x00000000   Number         0  libspace.o ABSOLUTE
    ../clib/angel/sys.s                      0x00000000   Number         0  sys_stackheap_outer.o ABSOLUTE
    ../clib/angel/sysapp.c                   0x00000000   Number         0  sys_command.o ABSOLUTE
    ../clib/armsys.c                         0x00000000   Number         0  _get_argv_nomalloc.o ABSOLUTE
    ../clib/armsys.c                         0x00000000   Number         0  argv_veneer.o ABSOLUTE
    ../clib/armsys.c                         0x00000000   Number         0  argv_veneer.o ABSOLUTE
    ../clib/armsys.c                         0x00000000   Number         0  no_argv.o ABSOLUTE
    ../clib/bigflt.c                         0x00000000   Number         0  bigflt0.o ABSOLUTE
    ../clib/btod.s                           0x00000000   Number         0  btod.o ABSOLUTE
    ../clib/ctype.c                          0x00000000   Number         0  tolower.o ABSOLUTE
    ../clib/fenv.c                           0x00000000   Number         0  _rserrno.o ABSOLUTE
    ../clib/heapalloc.c                      0x00000000   Number         0  hrguard.o ABSOLUTE
    ../clib/heapaux.c                        0x00000000   Number         0  heapauxi.o ABSOLUTE
    ../clib/libinit.s                        0x00000000   Number         0  libshutdown.o ABSOLUTE
    ../clib/libinit.s                        0x00000000   Number         0  libshutdown2.o ABSOLUTE
    ../clib/libinit.s                        0x00000000   Number         0  libinit.o ABSOLUTE
    ../clib/libinit.s                        0x00000000   Number         0  libinit2.o ABSOLUTE
    ../clib/locale.s                         0x00000000   Number         0  lc_ctype_c.o ABSOLUTE
    ../clib/locale.s                         0x00000000   Number         0  lc_numeric_c.o ABSOLUTE
    ../clib/longlong.s                       0x00000000   Number         0  lludiv10.o ABSOLUTE
    ../clib/memcpset.s                       0x00000000   Number         0  rt_memcpy_w.o ABSOLUTE
    ../clib/memcpset.s                       0x00000000   Number         0  strcmpv7m.o ABSOLUTE
    ../clib/memcpset.s                       0x00000000   Number         0  strncpy.o ABSOLUTE
    ../clib/memcpset.s                       0x00000000   Number         0  rt_memclr_w.o ABSOLUTE
    ../clib/memcpset.s                       0x00000000   Number         0  rt_memclr.o ABSOLUTE
    ../clib/memcpset.s                       0x00000000   Number         0  rt_memcpy_v6.o ABSOLUTE
    ../clib/misc.s                           0x00000000   Number         0  printf_stubs.o ABSOLUTE
    ../clib/printf.c                         0x00000000   Number         0  noretval__2sprintf.o ABSOLUTE
    ../clib/printf.c                         0x00000000   Number         0  _printf_char.o ABSOLUTE
    ../clib/printf.c                         0x00000000   Number         0  _printf_hex_int_ll_ptr.o ABSOLUTE
    ../clib/printf.c                         0x00000000   Number         0  _sputc.o ABSOLUTE
    ../clib/printf.c                         0x00000000   Number         0  _printf_char_common.o ABSOLUTE
    ../clib/printf.c                         0x00000000   Number         0  _printf_fp_dec.o ABSOLUTE
    ../clib/printf.c                         0x00000000   Number         0  _printf_intcommon.o ABSOLUTE
    ../clib/printf.c                         0x00000000   Number         0  noretval__2printf.o ABSOLUTE
    ../clib/printf.c                         0x00000000   Number         0  __2sprintf.o ABSOLUTE
    ../clib/printf.c                         0x00000000   Number         0  __2printf.o ABSOLUTE
    ../clib/printf.c                         0x00000000   Number         0  __printf_flags_ss_wp.o ABSOLUTE
    ../clib/printf.c                         0x00000000   Number         0  __printf_ss_wp.o ABSOLUTE
    ../clib/printf.c                         0x00000000   Number         0  __printf_flags_wp.o ABSOLUTE
    ../clib/printf.c                         0x00000000   Number         0  __printf_wp.o ABSOLUTE
    ../clib/printf.c                         0x00000000   Number         0  __printf_flags_ss.o ABSOLUTE
    ../clib/printf.c                         0x00000000   Number         0  _printf_hex_ll_ptr.o ABSOLUTE
    ../clib/printf.c                         0x00000000   Number         0  _printf_pad.o ABSOLUTE
    ../clib/printf.c                         0x00000000   Number         0  _printf_char_file.o ABSOLUTE
    ../clib/printf.c                         0x00000000   Number         0  _printf_hex_int_ptr.o ABSOLUTE
    ../clib/printf.c                         0x00000000   Number         0  _printf_hex_ptr.o ABSOLUTE
    ../clib/printf.c                         0x00000000   Number         0  _printf_fp_infnan.o ABSOLUTE
    ../clib/printf.c                         0x00000000   Number         0  _printf_hex_int_ll.o ABSOLUTE
    ../clib/printf.c                         0x00000000   Number         0  _printf_hex_int.o ABSOLUTE
    ../clib/printf.c                         0x00000000   Number         0  _printf_hex_ll.o ABSOLUTE
    ../clib/printf.c                         0x00000000   Number         0  __printf_nopercent.o ABSOLUTE
    ../clib/printf.c                         0x00000000   Number         0  _printf_dec.o ABSOLUTE
    ../clib/printf.c                         0x00000000   Number         0  __printf_flags.o ABSOLUTE
    ../clib/printf.c                         0x00000000   Number         0  _printf_str.o ABSOLUTE
    ../clib/printf.c                         0x00000000   Number         0  __printf.o ABSOLUTE
    ../clib/printf.c                         0x00000000   Number         0  __printf_ss.o ABSOLUTE
    ../clib/printf_percent.s                 0x00000000   Number         0  _printf_percent.o ABSOLUTE
    ../clib/printf_percent.s                 0x00000000   Number         0  _printf_e.o ABSOLUTE
    ../clib/printf_percent.s                 0x00000000   Number         0  _printf_f.o ABSOLUTE
    ../clib/printf_percent.s                 0x00000000   Number         0  _printf_d.o ABSOLUTE
    ../clib/printf_percent.s                 0x00000000   Number         0  _printf_s.o ABSOLUTE
    ../clib/printf_percent.s                 0x00000000   Number         0  _printf_percent_end.o ABSOLUTE
    ../clib/printf_percent.s                 0x00000000   Number         0  _printf_x.o ABSOLUTE
    ../clib/signal.c                         0x00000000   Number         0  defsig_rtmem_outer.o ABSOLUTE
    ../clib/signal.c                         0x00000000   Number         0  defsig_rtmem_formal.o ABSOLUTE
    ../clib/signal.c                         0x00000000   Number         0  __raise.o ABSOLUTE
    ../clib/signal.c                         0x00000000   Number         0  defsig_rtmem_inner.o ABSOLUTE
    ../clib/signal.c                         0x00000000   Number         0  defsig_exit.o ABSOLUTE
    ../clib/signal.c                         0x00000000   Number         0  defsig_segv_inner.o ABSOLUTE
    ../clib/signal.c                         0x00000000   Number         0  defsig_abrt_inner.o ABSOLUTE
    ../clib/signal.c                         0x00000000   Number         0  defsig_fpe_inner.o ABSOLUTE
    ../clib/signal.c                         0x00000000   Number         0  defsig_other.o ABSOLUTE
    ../clib/signal.c                         0x00000000   Number         0  defsig_rtred_inner.o ABSOLUTE
    ../clib/signal.c                         0x00000000   Number         0  defsig_stak_inner.o ABSOLUTE
    ../clib/signal.c                         0x00000000   Number         0  defsig_cppl_inner.o ABSOLUTE
    ../clib/signal.c                         0x00000000   Number         0  defsig_general.o ABSOLUTE
    ../clib/signal.c                         0x00000000   Number         0  defsig_pvfn_inner.o ABSOLUTE
    ../clib/signal.s                         0x00000000   Number         0  defsig.o ABSOLUTE
    ../clib/stdio.c                          0x00000000   Number         0  ferror_locked.o ABSOLUTE
    ../clib/stdio.c                          0x00000000   Number         0  ferror.o ABSOLUTE
    ../clib/stdlib.c                         0x00000000   Number         0  exit.o ABSOLUTE
    ../clib/string.c                         0x00000000   Number         0  strcpy.o ABSOLUTE
    ../clib/string.c                         0x00000000   Number         0  strstr.o ABSOLUTE
    ../clib/string.c                         0x00000000   Number         0  strchr.o ABSOLUTE
    ../clib/string.c                         0x00000000   Number         0  strlen.o ABSOLUTE
    ../clib/string.c                         0x00000000   Number         0  strncmp.o ABSOLUTE
    ../fplib/daddsub.s                       0x00000000   Number         0  daddsub_clz.o ABSOLUTE
    ../fplib/dcheck1.s                       0x00000000   Number         0  dcheck1.o ABSOLUTE
    ../fplib/dcmpi.s                         0x00000000   Number         0  dcmpi.o ABSOLUTE
    ../fplib/ddiv.s                          0x00000000   Number         0  ddiv.o ABSOLUTE
    ../fplib/deqf.s                          0x00000000   Number         0  deqf.o ABSOLUTE
    ../fplib/dfix.s                          0x00000000   Number         0  dfix.o ABSOLUTE
    ../fplib/dflt.s                          0x00000000   Number         0  dflt_clz.o ABSOLUTE
    ../fplib/dleqf.s                         0x00000000   Number         0  dleqf.o ABSOLUTE
    ../fplib/dmul.s                          0x00000000   Number         0  dmul.o ABSOLUTE
    ../fplib/dnaninf.s                       0x00000000   Number         0  dnaninf.o ABSOLUTE
    ../fplib/dretinf.s                       0x00000000   Number         0  dretinf.o ABSOLUTE
    ../fplib/drleqf.s                        0x00000000   Number         0  drleqf.o ABSOLUTE
    ../fplib/dsqrt.s                         0x00000000   Number         0  dsqrt_noumaal.o ABSOLUTE
    ../fplib/f2d.s                           0x00000000   Number         0  f2d.o ABSOLUTE
    ../fplib/fnaninf.s                       0x00000000   Number         0  fnaninf.o ABSOLUTE
    ../fplib/fpinit.s                        0x00000000   Number         0  fpinit.o ABSOLUTE
    ../fplib/istatus.s                       0x00000000   Number         0  istatus.o ABSOLUTE
    ../fplib/printf1.s                       0x00000000   Number         0  printf1.o ABSOLUTE
    ../fplib/retnan.s                        0x00000000   Number         0  retnan.o ABSOLUTE
    ../fplib/scalbn.s                        0x00000000   Number         0  scalbn.o ABSOLUTE
    ../fplib/trapv.s                         0x00000000   Number         0  trapv.o ABSOLUTE
    ../fplib/usenofp.s                       0x00000000   Number         0  usenofp.o ABSOLUTE
    ../mathlib/dunder.c                      0x00000000   Number         0  dunder.o ABSOLUTE
    ../mathlib/floor.c                       0x00000000   Number         0  floor.o ABSOLUTE
    ../mathlib/fpclassify.c                  0x00000000   Number         0  fpclassify.o ABSOLUTE
    ../mathlib/poly.c                        0x00000000   Number         0  poly.o ABSOLUTE
    ../mathlib/pow.c                         0x00000000   Number         0  pow_x.o ABSOLUTE
    ../mathlib/pow.c                         0x00000000   Number         0  pow.o ABSOLUTE
    ../mathlib/qnan.c                        0x00000000   Number         0  qnan.o ABSOLUTE
    ../mathlib/sqrt.c                        0x00000000   Number         0  sqrt_x.o ABSOLUTE
    ../mathlib/sqrt.c                        0x00000000   Number         0  sqrt.o ABSOLUTE
    ..\CODE\CRC.c                            0x00000000   Number         0  crc.o ABSOLUTE
    ..\CODE\RAND_NUM.c                       0x00000000   Number         0  rand_num.o ABSOLUTE
    ..\CORE\core_cm3.c                       0x00000000   Number         0  core_cm3.o ABSOLUTE
    ..\CORE\startup_stm32f10x_hd.s           0x00000000   Number         0  startup_stm32f10x_hd.o ABSOLUTE
    ..\HARDWARE\24l01\24l01.c                0x00000000   Number         0  24l01.o ABSOLUTE
    ..\HARDWARE\24l01\spi.c                  0x00000000   Number         0  spi.o ABSOLUTE
    ..\HARDWARE\ADC\adc.c                    0x00000000   Number         0  adc.o ABSOLUTE
    ..\HARDWARE\EEPROM\eeprom.c              0x00000000   Number         0  eeprom.o ABSOLUTE
    ..\HARDWARE\KEY\key.c                    0x00000000   Number         0  key.o ABSOLUTE
    ..\HARDWARE\LED\led.c                    0x00000000   Number         0  led.o ABSOLUTE
    ..\HARDWARE\XT1506S\XT1506S.C            0x00000000   Number         0  xt1506s.o ABSOLUTE
    ..\STM32F10x_FWLib\src\misc.c            0x00000000   Number         0  misc.o ABSOLUTE
    ..\STM32F10x_FWLib\src\stm32f10x_adc.c   0x00000000   Number         0  stm32f10x_adc.o ABSOLUTE
    ..\STM32F10x_FWLib\src\stm32f10x_bkp.c   0x00000000   Number         0  stm32f10x_bkp.o ABSOLUTE
    ..\STM32F10x_FWLib\src\stm32f10x_can.c   0x00000000   Number         0  stm32f10x_can.o ABSOLUTE
    ..\STM32F10x_FWLib\src\stm32f10x_cec.c   0x00000000   Number         0  stm32f10x_cec.o ABSOLUTE
    ..\STM32F10x_FWLib\src\stm32f10x_crc.c   0x00000000   Number         0  stm32f10x_crc.o ABSOLUTE
    ..\STM32F10x_FWLib\src\stm32f10x_dac.c   0x00000000   Number         0  stm32f10x_dac.o ABSOLUTE
    ..\STM32F10x_FWLib\src\stm32f10x_dbgmcu.c 0x00000000   Number         0  stm32f10x_dbgmcu.o ABSOLUTE
    ..\STM32F10x_FWLib\src\stm32f10x_dma.c   0x00000000   Number         0  stm32f10x_dma.o ABSOLUTE
    ..\STM32F10x_FWLib\src\stm32f10x_exti.c  0x00000000   Number         0  stm32f10x_exti.o ABSOLUTE
    ..\STM32F10x_FWLib\src\stm32f10x_flash.c 0x00000000   Number         0  stm32f10x_flash.o ABSOLUTE
    ..\STM32F10x_FWLib\src\stm32f10x_fsmc.c  0x00000000   Number         0  stm32f10x_fsmc.o ABSOLUTE
    ..\STM32F10x_FWLib\src\stm32f10x_gpio.c  0x00000000   Number         0  stm32f10x_gpio.o ABSOLUTE
    ..\STM32F10x_FWLib\src\stm32f10x_i2c.c   0x00000000   Number         0  stm32f10x_i2c.o ABSOLUTE
    ..\STM32F10x_FWLib\src\stm32f10x_iwdg.c  0x00000000   Number         0  stm32f10x_iwdg.o ABSOLUTE
    ..\STM32F10x_FWLib\src\stm32f10x_pwr.c   0x00000000   Number         0  stm32f10x_pwr.o ABSOLUTE
    ..\STM32F10x_FWLib\src\stm32f10x_rcc.c   0x00000000   Number         0  stm32f10x_rcc.o ABSOLUTE
    ..\STM32F10x_FWLib\src\stm32f10x_rtc.c   0x00000000   Number         0  stm32f10x_rtc.o ABSOLUTE
    ..\STM32F10x_FWLib\src\stm32f10x_sdio.c  0x00000000   Number         0  stm32f10x_sdio.o ABSOLUTE
    ..\STM32F10x_FWLib\src\stm32f10x_spi.c   0x00000000   Number         0  stm32f10x_spi.o ABSOLUTE
    ..\STM32F10x_FWLib\src\stm32f10x_tim.c   0x00000000   Number         0  stm32f10x_tim.o ABSOLUTE
    ..\STM32F10x_FWLib\src\stm32f10x_usart.c 0x00000000   Number         0  stm32f10x_usart.o ABSOLUTE
    ..\STM32F10x_FWLib\src\stm32f10x_wwdg.c  0x00000000   Number         0  stm32f10x_wwdg.o ABSOLUTE
    ..\SYSTEM\cJSON\cJSON.c                  0x00000000   Number         0  cjson.o ABSOLUTE
    ..\SYSTEM\cJSON\cJsonDataDeal.c          0x00000000   Number         0  cjsondatadeal.o ABSOLUTE
    ..\SYSTEM\cJSON\malloc.c                 0x00000000   Number         0  malloc.o ABSOLUTE
    ..\SYSTEM\cJSON\wifiusart.c              0x00000000   Number         0  wifiusart.o ABSOLUTE
    ..\SYSTEM\delay\delay.c                  0x00000000   Number         0  delay.o ABSOLUTE
    ..\SYSTEM\sys\sys.c                      0x00000000   Number         0  sys.o ABSOLUTE
    ..\SYSTEM\tim\tim.c                      0x00000000   Number         0  tim.o ABSOLUTE
    ..\SYSTEM\usart\usart.c                  0x00000000   Number         0  usart.o ABSOLUTE
    ..\SYSTEM\wwdg\wwdg.c                    0x00000000   Number         0  wwdg.o ABSOLUTE
    ..\\CORE\\core_cm3.c                     0x00000000   Number         0  core_cm3.o ABSOLUTE
    ..\\SYSTEM\\sys\\sys.c                   0x00000000   Number         0  sys.o ABSOLUTE
    24l01Buf.c                               0x00000000   Number         0  24l01buf.o ABSOLUTE
    canType.c                                0x00000000   Number         0  cantype.o ABSOLUTE
    dc.s                                     0x00000000   Number         0  dc.o ABSOLUTE
    gamePackDeal.c                           0x00000000   Number         0  gamepackdeal.o ABSOLUTE
    gameTask.c                               0x00000000   Number         0  gametask.o ABSOLUTE
    main.c                                   0x00000000   Number         0  main.o ABSOLUTE
    stm32f10x_it.c                           0x00000000   Number         0  stm32f10x_it.o ABSOLUTE
    system_stm32f10x.c                       0x00000000   Number         0  system_stm32f10x.o ABSOLUTE
    RESET                                    0x08000000   Section      304  startup_stm32f10x_hd.o(RESET)
    !!!main                                  0x08000130   Section        8  __main.o(!!!main)
    !!!scatter                               0x08000138   Section       52  __scatter.o(!!!scatter)
    !!handler_copy                           0x0800016c   Section       26  __scatter_copy.o(!!handler_copy)
    !!handler_zi                             0x08000188   Section       28  __scatter_zi.o(!!handler_zi)
    .ARM.Collect$$_printf_percent$$00000000  0x080001a4   Section        0  _printf_percent.o(.ARM.Collect$$_printf_percent$$00000000)
    .ARM.Collect$$_printf_percent$$00000014  0x080001a4   Section        6  _printf_s.o(.ARM.Collect$$_printf_percent$$00000014)
    .ARM.Collect$$_printf_percent$$00000017  0x080001aa   Section        4  _printf_percent_end.o(.ARM.Collect$$_printf_percent$$00000017)
    .ARM.Collect$$libinit$$00000000          0x080001ae   Section        2  libinit.o(.ARM.Collect$$libinit$$00000000)
    .ARM.Collect$$libinit$$00000002          0x080001b0   Section        0  libinit2.o(.ARM.Collect$$libinit$$00000002)
    .ARM.Collect$$libinit$$00000004          0x080001b0   Section        0  libinit2.o(.ARM.Collect$$libinit$$00000004)
    .ARM.Collect$$libinit$$0000000A          0x080001b0   Section        0  libinit2.o(.ARM.Collect$$libinit$$0000000A)
    .ARM.Collect$$libinit$$0000000C          0x080001b0   Section        0  libinit2.o(.ARM.Collect$$libinit$$0000000C)
    .ARM.Collect$$libinit$$0000000E          0x080001b0   Section        0  libinit2.o(.ARM.Collect$$libinit$$0000000E)
    .ARM.Collect$$libinit$$00000011          0x080001b0   Section        0  libinit2.o(.ARM.Collect$$libinit$$00000011)
    .ARM.Collect$$libinit$$00000013          0x080001b0   Section        0  libinit2.o(.ARM.Collect$$libinit$$00000013)
    .ARM.Collect$$libinit$$00000015          0x080001b0   Section        0  libinit2.o(.ARM.Collect$$libinit$$00000015)
    .ARM.Collect$$libinit$$00000017          0x080001b0   Section        0  libinit2.o(.ARM.Collect$$libinit$$00000017)
    .ARM.Collect$$libinit$$00000019          0x080001b0   Section        0  libinit2.o(.ARM.Collect$$libinit$$00000019)
    .ARM.Collect$$libinit$$0000001B          0x080001b0   Section        0  libinit2.o(.ARM.Collect$$libinit$$0000001B)
    .ARM.Collect$$libinit$$0000001D          0x080001b0   Section        0  libinit2.o(.ARM.Collect$$libinit$$0000001D)
    .ARM.Collect$$libinit$$0000001F          0x080001b0   Section        0  libinit2.o(.ARM.Collect$$libinit$$0000001F)
    .ARM.Collect$$libinit$$00000021          0x080001b0   Section        0  libinit2.o(.ARM.Collect$$libinit$$00000021)
    .ARM.Collect$$libinit$$00000023          0x080001b0   Section        0  libinit2.o(.ARM.Collect$$libinit$$00000023)
    .ARM.Collect$$libinit$$00000025          0x080001b0   Section        0  libinit2.o(.ARM.Collect$$libinit$$00000025)
    .ARM.Collect$$libinit$$0000002C          0x080001b0   Section        0  libinit2.o(.ARM.Collect$$libinit$$0000002C)
    .ARM.Collect$$libinit$$0000002E          0x080001b0   Section        0  libinit2.o(.ARM.Collect$$libinit$$0000002E)
    .ARM.Collect$$libinit$$00000030          0x080001b0   Section        0  libinit2.o(.ARM.Collect$$libinit$$00000030)
    .ARM.Collect$$libinit$$00000032          0x080001b0   Section        0  libinit2.o(.ARM.Collect$$libinit$$00000032)
    .ARM.Collect$$libinit$$00000033          0x080001b0   Section        2  libinit2.o(.ARM.Collect$$libinit$$00000033)
    .ARM.Collect$$libshutdown$$00000000      0x080001b2   Section        2  libshutdown.o(.ARM.Collect$$libshutdown$$00000000)
    .ARM.Collect$$libshutdown$$00000003      0x080001b4   Section        0  libshutdown2.o(.ARM.Collect$$libshutdown$$00000003)
    .ARM.Collect$$libshutdown$$00000006      0x080001b4   Section        0  libshutdown2.o(.ARM.Collect$$libshutdown$$00000006)
    .ARM.Collect$$libshutdown$$00000009      0x080001b4   Section        0  libshutdown2.o(.ARM.Collect$$libshutdown$$00000009)
    .ARM.Collect$$libshutdown$$0000000B      0x080001b4   Section        0  libshutdown2.o(.ARM.Collect$$libshutdown$$0000000B)
    .ARM.Collect$$libshutdown$$0000000E      0x080001b4   Section        0  libshutdown2.o(.ARM.Collect$$libshutdown$$0000000E)
    .ARM.Collect$$libshutdown$$0000000F      0x080001b4   Section        2  libshutdown2.o(.ARM.Collect$$libshutdown$$0000000F)
    .ARM.Collect$$rtentry$$00000000          0x080001b6   Section        0  __rtentry.o(.ARM.Collect$$rtentry$$00000000)
    .ARM.Collect$$rtentry$$00000002          0x080001b6   Section        0  __rtentry2.o(.ARM.Collect$$rtentry$$00000002)
    .ARM.Collect$$rtentry$$00000004          0x080001b6   Section        6  __rtentry4.o(.ARM.Collect$$rtentry$$00000004)
    .ARM.Collect$$rtentry$$00000009          0x080001bc   Section        0  __rtentry2.o(.ARM.Collect$$rtentry$$00000009)
    .ARM.Collect$$rtentry$$0000000A          0x080001bc   Section        4  __rtentry2.o(.ARM.Collect$$rtentry$$0000000A)
    .ARM.Collect$$rtentry$$0000000C          0x080001c0   Section        0  __rtentry2.o(.ARM.Collect$$rtentry$$0000000C)
    .ARM.Collect$$rtentry$$0000000D          0x080001c0   Section        8  __rtentry2.o(.ARM.Collect$$rtentry$$0000000D)
    .ARM.Collect$$rtexit$$00000000           0x080001c8   Section        2  rtexit.o(.ARM.Collect$$rtexit$$00000000)
    .ARM.Collect$$rtexit$$00000002           0x080001ca   Section        0  rtexit2.o(.ARM.Collect$$rtexit$$00000002)
    .ARM.Collect$$rtexit$$00000003           0x080001ca   Section        4  rtexit2.o(.ARM.Collect$$rtexit$$00000003)
    .ARM.Collect$$rtexit$$00000004           0x080001ce   Section        6  rtexit2.o(.ARM.Collect$$rtexit$$00000004)
    .text                                    0x080001d4   Section       64  startup_stm32f10x_hd.o(.text)
    .text                                    0x08000214   Section        2  use_no_semi_2.o(.text)
    .text                                    0x08000218   Section        0  noretval__2sprintf.o(.text)
    .text                                    0x08000240   Section        0  _printf_str.o(.text)
    .text                                    0x08000294   Section        0  __printf_flags_wp.o(.text)
    .text                                    0x080003cc   Section        0  heapauxi.o(.text)
    .text                                    0x080003d2   Section        2  use_no_semi.o(.text)
    .text                                    0x080003d4   Section        0  _printf_char_common.o(.text)
    _printf_input_char                       0x080003d5   Thumb Code    10  _printf_char_common.o(.text)
    .text                                    0x08000404   Section        0  _sputc.o(.text)
    .text                                    0x0800040e   Section        0  _printf_char.o(.text)
    .text                                    0x0800043c   Section        8  libspace.o(.text)
    .text                                    0x08000444   Section       74  sys_stackheap_outer.o(.text)
    .text                                    0x0800048e   Section        0  exit.o(.text)
    i.BusFault_Handler                       0x0800049a   Section        0  stm32f10x_it.o(i.BusFault_Handler)
    i.DebugMon_Handler                       0x0800049e   Section        0  stm32f10x_it.o(i.DebugMon_Handler)
    i.EXTI0_IRQHandler                       0x080004a0   Section        0  24l01buf.o(i.EXTI0_IRQHandler)
    i.EXTI_ClearITPendingBit                 0x080004cc   Section        0  stm32f10x_exti.o(i.EXTI_ClearITPendingBit)
    i.EXTI_GetITStatus                       0x080004d8   Section        0  stm32f10x_exti.o(i.EXTI_GetITStatus)
    i.GPIO_Init                              0x08000500   Section        0  stm32f10x_gpio.o(i.GPIO_Init)
    i.GPIO_PinRemapConfig                    0x08000618   Section        0  stm32f10x_gpio.o(i.GPIO_PinRemapConfig)
    i.GPIO_ReadInputDataBit                  0x080006a8   Section        0  stm32f10x_gpio.o(i.GPIO_ReadInputDataBit)
    i.HardFault_Handler                      0x080006ba   Section        0  stm32f10x_it.o(i.HardFault_Handler)
    i.KEY_Init                               0x080006c0   Section        0  key.o(i.KEY_Init)
    i.LED595SendData                         0x080006e8   Section        0  led.o(i.LED595SendData)
    i.LED_COLOR_2_595                        0x08000744   Section        0  led.o(i.LED_COLOR_2_595)
    i.LED_Init                               0x08000784   Section        0  led.o(i.LED_Init)
    i.MemManage_Handler                      0x080007d8   Section        0  stm32f10x_it.o(i.MemManage_Handler)
    i.Mode1_ReceiverBuf_Write                0x080007dc   Section        0  24l01buf.o(i.Mode1_ReceiverBuf_Write)
    i.NMI_Handler                            0x08000824   Section        0  stm32f10x_it.o(i.NMI_Handler)
    i.NRF24L01_Read_Buf                      0x08000828   Section        0  24l01.o(i.NRF24L01_Read_Buf)
    i.NRF24L01_Read_Reg                      0x08000864   Section        0  24l01.o(i.NRF24L01_Read_Reg)
    i.NRF24L01_RxPacket                      0x08000890   Section        0  24l01.o(i.NRF24L01_RxPacket)
    i.NRF24L01_Write_Reg                     0x08000904   Section        0  24l01.o(i.NRF24L01_Write_Reg)
    i.NVIC_Init                              0x08000934   Section        0  misc.o(i.NVIC_Init)
    i.NVIC_PriorityGroupConfig               0x080009a4   Section        0  misc.o(i.NVIC_PriorityGroupConfig)
    i.PendSV_Handler                         0x080009b8   Section        0  stm32f10x_it.o(i.PendSV_Handler)
    i.RCC_APB1PeriphClockCmd                 0x080009bc   Section        0  stm32f10x_rcc.o(i.RCC_APB1PeriphClockCmd)
    i.RCC_APB2PeriphClockCmd                 0x080009dc   Section        0  stm32f10x_rcc.o(i.RCC_APB2PeriphClockCmd)
    i.RCC_DeInit                             0x080009fc   Section        0  stm32f10x_rcc.o(i.RCC_DeInit)
    i.RCC_GetClocksFreq                      0x08000a48   Section        0  stm32f10x_rcc.o(i.RCC_GetClocksFreq)
    i.RCC_GetFlagStatus                      0x08000b1c   Section        0  stm32f10x_rcc.o(i.RCC_GetFlagStatus)
    i.RCC_GetSYSCLKSource                    0x08000b58   Section        0  stm32f10x_rcc.o(i.RCC_GetSYSCLKSource)
    i.RCC_HCLKConfig                         0x08000b68   Section        0  stm32f10x_rcc.o(i.RCC_HCLKConfig)
    i.RCC_HSICmd                             0x08000b80   Section        0  stm32f10x_rcc.o(i.RCC_HSICmd)
    i.RCC_PCLK1Config                        0x08000b8c   Section        0  stm32f10x_rcc.o(i.RCC_PCLK1Config)
    i.RCC_PCLK2Config                        0x08000ba4   Section        0  stm32f10x_rcc.o(i.RCC_PCLK2Config)
    i.RCC_PLLCmd                             0x08000bbc   Section        0  stm32f10x_rcc.o(i.RCC_PLLCmd)
    i.RCC_PLLConfig                          0x08000bc8   Section        0  stm32f10x_rcc.o(i.RCC_PLLConfig)
    i.RCC_SYSCLKConfig                       0x08000be4   Section        0  stm32f10x_rcc.o(i.RCC_SYSCLKConfig)
    i.SI24R1_RecDeal                         0x08000bfc   Section        0  24l01buf.o(i.SI24R1_RecDeal)
    i.SPI2_ReadWriteByte                     0x08000c4c   Section        0  spi.o(i.SPI2_ReadWriteByte)
    i.SPI_I2S_GetFlagStatus                  0x08000ca0   Section        0  stm32f10x_spi.o(i.SPI_I2S_GetFlagStatus)
    i.SPI_I2S_ReceiveData                    0x08000cb2   Section        0  stm32f10x_spi.o(i.SPI_I2S_ReceiveData)
    i.SPI_I2S_SendData                       0x08000cb8   Section        0  stm32f10x_spi.o(i.SPI_I2S_SendData)
    i.SVC_Handler                            0x08000cbc   Section        0  stm32f10x_it.o(i.SVC_Handler)
    i.SetSysClock                            0x08000cbe   Section        0  system_stm32f10x.o(i.SetSysClock)
    SetSysClock                              0x08000cbf   Thumb Code     8  system_stm32f10x.o(i.SetSysClock)
    i.SetSysClockTo72                        0x08000cc8   Section        0  system_stm32f10x.o(i.SetSysClockTo72)
    SetSysClockTo72                          0x08000cc9   Thumb Code   122  system_stm32f10x.o(i.SetSysClockTo72)
    i.SysTick_CLKSourceConfig                0x08000d48   Section        0  misc.o(i.SysTick_CLKSourceConfig)
    i.SysTick_Handler                        0x08000d70   Section        0  stm32f10x_it.o(i.SysTick_Handler)
    i.SystemInit                             0x08000d74   Section        0  system_stm32f10x.o(i.SystemInit)
    i.TIM2_IRQHandler                        0x08000dd4   Section        0  tim.o(i.TIM2_IRQHandler)
    i.TIM3_IRQHandler                        0x08000e00   Section        0  main.o(i.TIM3_IRQHandler)
    i.TIM3_Init                              0x08000e5c   Section        0  tim.o(i.TIM3_Init)
    i.TIM_ClearITPendingBit                  0x08000ebc   Section        0  stm32f10x_tim.o(i.TIM_ClearITPendingBit)
    i.TIM_Cmd                                0x08000ec2   Section        0  stm32f10x_tim.o(i.TIM_Cmd)
    i.TIM_GetITStatus                        0x08000eda   Section        0  stm32f10x_tim.o(i.TIM_GetITStatus)
    i.TIM_ITConfig                           0x08000efc   Section        0  stm32f10x_tim.o(i.TIM_ITConfig)
    i.TIM_TimeBaseInit                       0x08000f10   Section        0  stm32f10x_tim.o(i.TIM_TimeBaseInit)
    i.Touch_Scan                             0x08000fb4   Section        0  key.o(i.Touch_Scan)
    i.USART1_IRQHandler                      0x08001064   Section        0  usart.o(i.USART1_IRQHandler)
    i.USART2_IRQHandler                      0x080010a8   Section        0  usart.o(i.USART2_IRQHandler)
    i.USART_ClearFlag                        0x080010f4   Section        0  stm32f10x_usart.o(i.USART_ClearFlag)
    i.USART_Cmd                              0x08001106   Section        0  stm32f10x_usart.o(i.USART_Cmd)
    i.USART_GetITStatus                      0x0800111e   Section        0  stm32f10x_usart.o(i.USART_GetITStatus)
    i.USART_ITConfig                         0x08001172   Section        0  stm32f10x_usart.o(i.USART_ITConfig)
    i.USART_Init                             0x080011bc   Section        0  stm32f10x_usart.o(i.USART_Init)
    i.USART_ReceiveData                      0x08001294   Section        0  stm32f10x_usart.o(i.USART_ReceiveData)
    i.UsageFault_Handler                     0x0800129e   Section        0  stm32f10x_it.o(i.UsageFault_Handler)
    i.WWDG_ClearFlag                         0x080012a4   Section        0  stm32f10x_wwdg.o(i.WWDG_ClearFlag)
    i.WWDG_IRQHandler                        0x080012b0   Section        0  wwdg.o(i.WWDG_IRQHandler)
    i.WWDG_SetCounter                        0x080012c4   Section        0  stm32f10x_wwdg.o(i.WWDG_SetCounter)
    i._is_digit                              0x080012d4   Section        0  __printf_wp.o(i._is_digit)
    i._sys_exit                              0x080012e2   Section        0  usart.o(i._sys_exit)
    i.delay_init                             0x080012e8   Section        0  delay.o(i.delay_init)
    i.delay_ms                               0x0800132c   Section        0  delay.o(i.delay_ms)
    i.delay_us                               0x08001384   Section        0  delay.o(i.delay_us)
    i.main                                   0x080013d0   Section        0  main.o(i.main)
    i.usart1_init                            0x0800146c   Section        0  usart.o(i.usart1_init)
    .constdata                               0x0800152c   Section       17  __printf_flags_wp.o(.constdata)
    maptable                                 0x0800152c   Data          17  __printf_flags_wp.o(.constdata)
    .data                                    0x20000000   Section       14  main.o(.data)
    keybuf                                   0x20000004   Data           1  main.o(.data)
    .data                                    0x20000010   Section       20  system_stm32f10x.o(.data)
    .data                                    0x20000024   Section       20  24l01buf.o(.data)
    RadioCount50Ms                           0x2000002c   Data           1  24l01buf.o(.data)
    canbuf                                   0x2000002d   Data           8  24l01buf.o(.data)
    i                                        0x20000035   Data           1  24l01buf.o(.data)
    Count50Ms                                0x20000036   Data           1  24l01buf.o(.data)
    i                                        0x20000037   Data           1  24l01buf.o(.data)
    .data                                    0x20000038   Section       20  stm32f10x_rcc.o(.data)
    APBAHBPrescTable                         0x20000038   Data          16  stm32f10x_rcc.o(.data)
    ADCPrescTable                            0x20000048   Data           4  stm32f10x_rcc.o(.data)
    .data                                    0x2000004c   Section        4  delay.o(.data)
    fac_us                                   0x2000004c   Data           1  delay.o(.data)
    fac_ms                                   0x2000004e   Data           2  delay.o(.data)
    .data                                    0x20000050   Section       11  usart.o(.data)
    k                                        0x2000005a   Data           1  usart.o(.data)
    .data                                    0x2000005b   Section        1  wwdg.o(.data)
    .data                                    0x2000005c   Section        7  tim.o(.data)
    flag                                     0x20000062   Data           1  tim.o(.data)
    .data                                    0x20000064   Section        8  wifiusart.o(.data)
    .data                                    0x2000006c   Section        8  led.o(.data)
    .bss                                     0x20000074   Section       34  main.o(.bss)
    .bss                                     0x20000096   Section      278  24l01buf.o(.bss)
    .bss                                     0x200001ac   Section       28  gamepackdeal.o(.bss)
    .bss                                     0x200001c8   Section      114  usart.o(.bss)
    .bss                                     0x2000023a   Section     2048  wifiusart.o(.bss)
    .bss                                     0x20000a3c   Section       96  libspace.o(.bss)
    HEAP                                     0x20000aa0   Section     4096  startup_stm32f10x_hd.o(HEAP)
    Heap_Mem                                 0x20000aa0   Data        4096  startup_stm32f10x_hd.o(HEAP)
    STACK                                    0x20001aa0   Section     1024  startup_stm32f10x_hd.o(STACK)
    Stack_Mem                                0x20001aa0   Data        1024  startup_stm32f10x_hd.o(STACK)
    __initial_sp                             0x20001ea0   Data           0  startup_stm32f10x_hd.o(STACK)
    .ARM.__AT_0x68000000                     0x68000000   Section     1024  malloc.o(.ARM.__AT_0x68000000)
    .ARM.__AT_0x68000400                     0x68000400   Section       64  malloc.o(.ARM.__AT_0x68000400)

    Global Symbols

    Symbol Name                              Value     Ov Type        Size  Object(Section)

    BuildAttributes$$THM_ISAv4$P$D$K$B$S$PE$A:L22UL41UL21$X:L11$S22US41US21$IEEE1$IW$USESV6$~STKCKD$USESV7$~SHL$OTIME$ROPI$IEEEX$EBA8$UX$STANDARDLIB$REQ8$PRES8$EABIv2 0x00000000   Number         0  anon$$obj.o ABSOLUTE
    __ARM_use_no_argv                        0x00000000   Number         0  main.o ABSOLUTE
    _printf_flags                            0x00000000   Number         0  printf_stubs.o ABSOLUTE
    _printf_return_value                     0x00000000   Number         0  printf_stubs.o ABSOLUTE
    _printf_sizespec                         0x00000000   Number         0  printf_stubs.o ABSOLUTE
    _printf_widthprec                        0x00000000   Number         0  printf_stubs.o ABSOLUTE
    __ARM_exceptions_init                     - Undefined Weak Reference
    __alloca_initialize                       - Undefined Weak Reference
    __arm_preinit_                            - Undefined Weak Reference
    __cpp_initialize__aeabi_                  - Undefined Weak Reference
    __cxa_finalize                            - Undefined Weak Reference
    __sigvec_lookup                           - Undefined Weak Reference
    _atexit_init                              - Undefined Weak Reference
    _call_atexit_fns                          - Undefined Weak Reference
    _clock_init                               - Undefined Weak Reference
    _fp_trap_init                             - Undefined Weak Reference
    _fp_trap_shutdown                         - Undefined Weak Reference
    _get_lc_collate                           - Undefined Weak Reference
    _get_lc_monetary                          - Undefined Weak Reference
    _get_lc_time                              - Undefined Weak Reference
    _getenv_init                              - Undefined Weak Reference
    _handle_redirection                       - Undefined Weak Reference
    _init_alloc                               - Undefined Weak Reference
    _init_user_alloc                          - Undefined Weak Reference
    _initio                                   - Undefined Weak Reference
    _mutex_acquire                            - Undefined Weak Reference
    _mutex_release                            - Undefined Weak Reference
    _printf_mbtowc                            - Undefined Weak Reference
    _printf_truncate_signed                   - Undefined Weak Reference
    _printf_truncate_unsigned                 - Undefined Weak Reference
    _rand_init                                - Undefined Weak Reference
    _signal_finish                            - Undefined Weak Reference
    _signal_init                              - Undefined Weak Reference
    _terminate_alloc                          - Undefined Weak Reference
    _terminate_user_alloc                     - Undefined Weak Reference
    _terminateio                              - Undefined Weak Reference
    __Vectors_Size                           0x00000130   Number         0  startup_stm32f10x_hd.o ABSOLUTE
    __Vectors                                0x08000000   Data           4  startup_stm32f10x_hd.o(RESET)
    __Vectors_End                            0x08000130   Data           0  startup_stm32f10x_hd.o(RESET)
    __main                                   0x08000131   Thumb Code     8  __main.o(!!!main)
    __scatterload                            0x08000139   Thumb Code     0  __scatter.o(!!!scatter)
    __scatterload_rt2                        0x08000139   Thumb Code    44  __scatter.o(!!!scatter)
    __scatterload_rt2_thumb_only             0x08000139   Thumb Code     0  __scatter.o(!!!scatter)
    __scatterload_null                       0x08000147   Thumb Code     0  __scatter.o(!!!scatter)
    __scatterload_copy                       0x0800016d   Thumb Code    26  __scatter_copy.o(!!handler_copy)
    __scatterload_zeroinit                   0x08000189   Thumb Code    28  __scatter_zi.o(!!handler_zi)
    _printf_percent                          0x080001a5   Thumb Code     0  _printf_percent.o(.ARM.Collect$$_printf_percent$$00000000)
    _printf_s                                0x080001a5   Thumb Code     0  _printf_s.o(.ARM.Collect$$_printf_percent$$00000014)
    _printf_percent_end                      0x080001ab   Thumb Code     0  _printf_percent_end.o(.ARM.Collect$$_printf_percent$$00000017)
    __rt_lib_init                            0x080001af   Thumb Code     0  libinit.o(.ARM.Collect$$libinit$$00000000)
    __rt_lib_init_alloca_1                   0x080001b1   Thumb Code     0  libinit2.o(.ARM.Collect$$libinit$$0000002E)
    __rt_lib_init_argv_1                     0x080001b1   Thumb Code     0  libinit2.o(.ARM.Collect$$libinit$$0000002C)
    __rt_lib_init_atexit_1                   0x080001b1   Thumb Code     0  libinit2.o(.ARM.Collect$$libinit$$0000001B)
    __rt_lib_init_clock_1                    0x080001b1   Thumb Code     0  libinit2.o(.ARM.Collect$$libinit$$00000021)
    __rt_lib_init_cpp_1                      0x080001b1   Thumb Code     0  libinit2.o(.ARM.Collect$$libinit$$00000032)
    __rt_lib_init_exceptions_1               0x080001b1   Thumb Code     0  libinit2.o(.ARM.Collect$$libinit$$00000030)
    __rt_lib_init_fp_1                       0x080001b1   Thumb Code     0  libinit2.o(.ARM.Collect$$libinit$$00000002)
    __rt_lib_init_fp_trap_1                  0x080001b1   Thumb Code     0  libinit2.o(.ARM.Collect$$libinit$$0000001F)
    __rt_lib_init_getenv_1                   0x080001b1   Thumb Code     0  libinit2.o(.ARM.Collect$$libinit$$00000023)
    __rt_lib_init_heap_1                     0x080001b1   Thumb Code     0  libinit2.o(.ARM.Collect$$libinit$$0000000A)
    __rt_lib_init_lc_collate_1               0x080001b1   Thumb Code     0  libinit2.o(.ARM.Collect$$libinit$$00000011)
    __rt_lib_init_lc_ctype_1                 0x080001b1   Thumb Code     0  libinit2.o(.ARM.Collect$$libinit$$00000013)
    __rt_lib_init_lc_monetary_1              0x080001b1   Thumb Code     0  libinit2.o(.ARM.Collect$$libinit$$00000015)
    __rt_lib_init_lc_numeric_1               0x080001b1   Thumb Code     0  libinit2.o(.ARM.Collect$$libinit$$00000017)
    __rt_lib_init_lc_time_1                  0x080001b1   Thumb Code     0  libinit2.o(.ARM.Collect$$libinit$$00000019)
    __rt_lib_init_preinit_1                  0x080001b1   Thumb Code     0  libinit2.o(.ARM.Collect$$libinit$$00000004)
    __rt_lib_init_rand_1                     0x080001b1   Thumb Code     0  libinit2.o(.ARM.Collect$$libinit$$0000000E)
    __rt_lib_init_return                     0x080001b1   Thumb Code     0  libinit2.o(.ARM.Collect$$libinit$$00000033)
    __rt_lib_init_signal_1                   0x080001b1   Thumb Code     0  libinit2.o(.ARM.Collect$$libinit$$0000001D)
    __rt_lib_init_stdio_1                    0x080001b1   Thumb Code     0  libinit2.o(.ARM.Collect$$libinit$$00000025)
    __rt_lib_init_user_alloc_1               0x080001b1   Thumb Code     0  libinit2.o(.ARM.Collect$$libinit$$0000000C)
    __rt_lib_shutdown                        0x080001b3   Thumb Code     0  libshutdown.o(.ARM.Collect$$libshutdown$$00000000)
    __rt_lib_shutdown_fp_trap_1              0x080001b5   Thumb Code     0  libshutdown2.o(.ARM.Collect$$libshutdown$$00000006)
    __rt_lib_shutdown_heap_1                 0x080001b5   Thumb Code     0  libshutdown2.o(.ARM.Collect$$libshutdown$$0000000E)
    __rt_lib_shutdown_return                 0x080001b5   Thumb Code     0  libshutdown2.o(.ARM.Collect$$libshutdown$$0000000F)
    __rt_lib_shutdown_signal_1               0x080001b5   Thumb Code     0  libshutdown2.o(.ARM.Collect$$libshutdown$$00000009)
    __rt_lib_shutdown_stdio_1                0x080001b5   Thumb Code     0  libshutdown2.o(.ARM.Collect$$libshutdown$$00000003)
    __rt_lib_shutdown_user_alloc_1           0x080001b5   Thumb Code     0  libshutdown2.o(.ARM.Collect$$libshutdown$$0000000B)
    __rt_entry                               0x080001b7   Thumb Code     0  __rtentry.o(.ARM.Collect$$rtentry$$00000000)
    __rt_entry_presh_1                       0x080001b7   Thumb Code     0  __rtentry2.o(.ARM.Collect$$rtentry$$00000002)
    __rt_entry_sh                            0x080001b7   Thumb Code     0  __rtentry4.o(.ARM.Collect$$rtentry$$00000004)
    __rt_entry_li                            0x080001bd   Thumb Code     0  __rtentry2.o(.ARM.Collect$$rtentry$$0000000A)
    __rt_entry_postsh_1                      0x080001bd   Thumb Code     0  __rtentry2.o(.ARM.Collect$$rtentry$$00000009)
    __rt_entry_main                          0x080001c1   Thumb Code     0  __rtentry2.o(.ARM.Collect$$rtentry$$0000000D)
    __rt_entry_postli_1                      0x080001c1   Thumb Code     0  __rtentry2.o(.ARM.Collect$$rtentry$$0000000C)
    __rt_exit                                0x080001c9   Thumb Code     0  rtexit.o(.ARM.Collect$$rtexit$$00000000)
    __rt_exit_ls                             0x080001cb   Thumb Code     0  rtexit2.o(.ARM.Collect$$rtexit$$00000003)
    __rt_exit_prels_1                        0x080001cb   Thumb Code     0  rtexit2.o(.ARM.Collect$$rtexit$$00000002)
    __rt_exit_exit                           0x080001cf   Thumb Code     0  rtexit2.o(.ARM.Collect$$rtexit$$00000004)
    Reset_Handler                            0x080001d5   Thumb Code     8  startup_stm32f10x_hd.o(.text)
    ADC1_2_IRQHandler                        0x080001ef   Thumb Code     0  startup_stm32f10x_hd.o(.text)
    ADC3_IRQHandler                          0x080001ef   Thumb Code     0  startup_stm32f10x_hd.o(.text)
    CAN1_RX1_IRQHandler                      0x080001ef   Thumb Code     0  startup_stm32f10x_hd.o(.text)
    CAN1_SCE_IRQHandler                      0x080001ef   Thumb Code     0  startup_stm32f10x_hd.o(.text)
    DMA1_Channel1_IRQHandler                 0x080001ef   Thumb Code     0  startup_stm32f10x_hd.o(.text)
    DMA1_Channel2_IRQHandler                 0x080001ef   Thumb Code     0  startup_stm32f10x_hd.o(.text)
    DMA1_Channel3_IRQHandler                 0x080001ef   Thumb Code     0  startup_stm32f10x_hd.o(.text)
    DMA1_Channel4_IRQHandler                 0x080001ef   Thumb Code     0  startup_stm32f10x_hd.o(.text)
    DMA1_Channel5_IRQHandler                 0x080001ef   Thumb Code     0  startup_stm32f10x_hd.o(.text)
    DMA1_Channel6_IRQHandler                 0x080001ef   Thumb Code     0  startup_stm32f10x_hd.o(.text)
    DMA1_Channel7_IRQHandler                 0x080001ef   Thumb Code     0  startup_stm32f10x_hd.o(.text)
    DMA2_Channel1_IRQHandler                 0x080001ef   Thumb Code     0  startup_stm32f10x_hd.o(.text)
    DMA2_Channel2_IRQHandler                 0x080001ef   Thumb Code     0  startup_stm32f10x_hd.o(.text)
    DMA2_Channel3_IRQHandler                 0x080001ef   Thumb Code     0  startup_stm32f10x_hd.o(.text)
    DMA2_Channel4_5_IRQHandler               0x080001ef   Thumb Code     0  startup_stm32f10x_hd.o(.text)
    EXTI15_10_IRQHandler                     0x080001ef   Thumb Code     0  startup_stm32f10x_hd.o(.text)
    EXTI1_IRQHandler                         0x080001ef   Thumb Code     0  startup_stm32f10x_hd.o(.text)
    EXTI2_IRQHandler                         0x080001ef   Thumb Code     0  startup_stm32f10x_hd.o(.text)
    EXTI3_IRQHandler                         0x080001ef   Thumb Code     0  startup_stm32f10x_hd.o(.text)
    EXTI4_IRQHandler                         0x080001ef   Thumb Code     0  startup_stm32f10x_hd.o(.text)
    EXTI9_5_IRQHandler                       0x080001ef   Thumb Code     0  startup_stm32f10x_hd.o(.text)
    FLASH_IRQHandler                         0x080001ef   Thumb Code     0  startup_stm32f10x_hd.o(.text)
    FSMC_IRQHandler                          0x080001ef   Thumb Code     0  startup_stm32f10x_hd.o(.text)
    I2C1_ER_IRQHandler                       0x080001ef   Thumb Code     0  startup_stm32f10x_hd.o(.text)
    I2C1_EV_IRQHandler                       0x080001ef   Thumb Code     0  startup_stm32f10x_hd.o(.text)
    I2C2_ER_IRQHandler                       0x080001ef   Thumb Code     0  startup_stm32f10x_hd.o(.text)
    I2C2_EV_IRQHandler                       0x080001ef   Thumb Code     0  startup_stm32f10x_hd.o(.text)
    PVD_IRQHandler                           0x080001ef   Thumb Code     0  startup_stm32f10x_hd.o(.text)
    RCC_IRQHandler                           0x080001ef   Thumb Code     0  startup_stm32f10x_hd.o(.text)
    RTCAlarm_IRQHandler                      0x080001ef   Thumb Code     0  startup_stm32f10x_hd.o(.text)
    RTC_IRQHandler                           0x080001ef   Thumb Code     0  startup_stm32f10x_hd.o(.text)
    SDIO_IRQHandler                          0x080001ef   Thumb Code     0  startup_stm32f10x_hd.o(.text)
    SPI1_IRQHandler                          0x080001ef   Thumb Code     0  startup_stm32f10x_hd.o(.text)
    SPI2_IRQHandler                          0x080001ef   Thumb Code     0  startup_stm32f10x_hd.o(.text)
    SPI3_IRQHandler                          0x080001ef   Thumb Code     0  startup_stm32f10x_hd.o(.text)
    TAMPER_IRQHandler                        0x080001ef   Thumb Code     0  startup_stm32f10x_hd.o(.text)
    TIM1_BRK_IRQHandler                      0x080001ef   Thumb Code     0  startup_stm32f10x_hd.o(.text)
    TIM1_CC_IRQHandler                       0x080001ef   Thumb Code     0  startup_stm32f10x_hd.o(.text)
    TIM1_TRG_COM_IRQHandler                  0x080001ef   Thumb Code     0  startup_stm32f10x_hd.o(.text)
    TIM1_UP_IRQHandler                       0x080001ef   Thumb Code     0  startup_stm32f10x_hd.o(.text)
    TIM4_IRQHandler                          0x080001ef   Thumb Code     0  startup_stm32f10x_hd.o(.text)
    TIM5_IRQHandler                          0x080001ef   Thumb Code     0  startup_stm32f10x_hd.o(.text)
    TIM6_IRQHandler                          0x080001ef   Thumb Code     0  startup_stm32f10x_hd.o(.text)
    TIM7_IRQHandler                          0x080001ef   Thumb Code     0  startup_stm32f10x_hd.o(.text)
    TIM8_BRK_IRQHandler                      0x080001ef   Thumb Code     0  startup_stm32f10x_hd.o(.text)
    TIM8_CC_IRQHandler                       0x080001ef   Thumb Code     0  startup_stm32f10x_hd.o(.text)
    TIM8_TRG_COM_IRQHandler                  0x080001ef   Thumb Code     0  startup_stm32f10x_hd.o(.text)
    TIM8_UP_IRQHandler                       0x080001ef   Thumb Code     0  startup_stm32f10x_hd.o(.text)
    UART4_IRQHandler                         0x080001ef   Thumb Code     0  startup_stm32f10x_hd.o(.text)
    UART5_IRQHandler                         0x080001ef   Thumb Code     0  startup_stm32f10x_hd.o(.text)
    USART3_IRQHandler                        0x080001ef   Thumb Code     0  startup_stm32f10x_hd.o(.text)
    USBWakeUp_IRQHandler                     0x080001ef   Thumb Code     0  startup_stm32f10x_hd.o(.text)
    USB_HP_CAN1_TX_IRQHandler                0x080001ef   Thumb Code     0  startup_stm32f10x_hd.o(.text)
    USB_LP_CAN1_RX0_IRQHandler               0x080001ef   Thumb Code     0  startup_stm32f10x_hd.o(.text)
    __user_initial_stackheap                 0x080001f1   Thumb Code     0  startup_stm32f10x_hd.o(.text)
    __use_no_semihosting                     0x08000215   Thumb Code     2  use_no_semi_2.o(.text)
    __2sprintf                               0x08000219   Thumb Code    34  noretval__2sprintf.o(.text)
    _printf_str                              0x08000241   Thumb Code    82  _printf_str.o(.text)
    __printf                                 0x08000295   Thumb Code   308  __printf_flags_wp.o(.text)
    __use_two_region_memory                  0x080003cd   Thumb Code     2  heapauxi.o(.text)
    __rt_heap_escrow$2region                 0x080003cf   Thumb Code     2  heapauxi.o(.text)
    __rt_heap_expand$2region                 0x080003d1   Thumb Code     2  heapauxi.o(.text)
    __I$use$semihosting                      0x080003d3   Thumb Code     0  use_no_semi.o(.text)
    __use_no_semihosting_swi                 0x080003d3   Thumb Code     2  use_no_semi.o(.text)
    _printf_char_common                      0x080003df   Thumb Code    32  _printf_char_common.o(.text)
    _sputc                                   0x08000405   Thumb Code    10  _sputc.o(.text)
    _printf_cs_common                        0x0800040f   Thumb Code    20  _printf_char.o(.text)
    _printf_char                             0x08000423   Thumb Code    16  _printf_char.o(.text)
    _printf_string                           0x08000433   Thumb Code     8  _printf_char.o(.text)
    __user_libspace                          0x0800043d   Thumb Code     8  libspace.o(.text)
    __user_perproc_libspace                  0x0800043d   Thumb Code     0  libspace.o(.text)
    __user_perthread_libspace                0x0800043d   Thumb Code     0  libspace.o(.text)
    __user_setup_stackheap                   0x08000445   Thumb Code    74  sys_stackheap_outer.o(.text)
    exit                                     0x0800048f   Thumb Code    12  exit.o(.text)
    BusFault_Handler                         0x0800049b   Thumb Code     4  stm32f10x_it.o(i.BusFault_Handler)
    DebugMon_Handler                         0x0800049f   Thumb Code     2  stm32f10x_it.o(i.DebugMon_Handler)
    EXTI0_IRQHandler                         0x080004a1   Thumb Code    40  24l01buf.o(i.EXTI0_IRQHandler)
    EXTI_ClearITPendingBit                   0x080004cd   Thumb Code     6  stm32f10x_exti.o(i.EXTI_ClearITPendingBit)
    EXTI_GetITStatus                         0x080004d9   Thumb Code    34  stm32f10x_exti.o(i.EXTI_GetITStatus)
    GPIO_Init                                0x08000501   Thumb Code   278  stm32f10x_gpio.o(i.GPIO_Init)
    GPIO_PinRemapConfig                      0x08000619   Thumb Code   138  stm32f10x_gpio.o(i.GPIO_PinRemapConfig)
    GPIO_ReadInputDataBit                    0x080006a9   Thumb Code    18  stm32f10x_gpio.o(i.GPIO_ReadInputDataBit)
    HardFault_Handler                        0x080006bb   Thumb Code     4  stm32f10x_it.o(i.HardFault_Handler)
    KEY_Init                                 0x080006c1   Thumb Code    34  key.o(i.KEY_Init)
    LED595SendData                           0x080006e9   Thumb Code    84  led.o(i.LED595SendData)
    LED_COLOR_2_595                          0x08000745   Thumb Code    62  led.o(i.LED_COLOR_2_595)
    LED_Init                                 0x08000785   Thumb Code    80  led.o(i.LED_Init)
    MemManage_Handler                        0x080007d9   Thumb Code     4  stm32f10x_it.o(i.MemManage_Handler)
    Mode1_ReceiverBuf_Write                  0x080007dd   Thumb Code    68  24l01buf.o(i.Mode1_ReceiverBuf_Write)
    NMI_Handler                              0x08000825   Thumb Code     2  stm32f10x_it.o(i.NMI_Handler)
    NRF24L01_Read_Buf                        0x08000829   Thumb Code    56  24l01.o(i.NRF24L01_Read_Buf)
    NRF24L01_Read_Reg                        0x08000865   Thumb Code    36  24l01.o(i.NRF24L01_Read_Reg)
    NRF24L01_RxPacket                        0x08000891   Thumb Code   114  24l01.o(i.NRF24L01_RxPacket)
    NRF24L01_Write_Reg                       0x08000905   Thumb Code    38  24l01.o(i.NRF24L01_Write_Reg)
    NVIC_Init                                0x08000935   Thumb Code   100  misc.o(i.NVIC_Init)
    NVIC_PriorityGroupConfig                 0x080009a5   Thumb Code    10  misc.o(i.NVIC_PriorityGroupConfig)
    PendSV_Handler                           0x080009b9   Thumb Code     2  stm32f10x_it.o(i.PendSV_Handler)
    RCC_APB1PeriphClockCmd                   0x080009bd   Thumb Code    26  stm32f10x_rcc.o(i.RCC_APB1PeriphClockCmd)
    RCC_APB2PeriphClockCmd                   0x080009dd   Thumb Code    26  stm32f10x_rcc.o(i.RCC_APB2PeriphClockCmd)
    RCC_DeInit                               0x080009fd   Thumb Code    64  stm32f10x_rcc.o(i.RCC_DeInit)
    RCC_GetClocksFreq                        0x08000a49   Thumb Code   192  stm32f10x_rcc.o(i.RCC_GetClocksFreq)
    RCC_GetFlagStatus                        0x08000b1d   Thumb Code    56  stm32f10x_rcc.o(i.RCC_GetFlagStatus)
    RCC_GetSYSCLKSource                      0x08000b59   Thumb Code    10  stm32f10x_rcc.o(i.RCC_GetSYSCLKSource)
    RCC_HCLKConfig                           0x08000b69   Thumb Code    18  stm32f10x_rcc.o(i.RCC_HCLKConfig)
    RCC_HSICmd                               0x08000b81   Thumb Code     6  stm32f10x_rcc.o(i.RCC_HSICmd)
    RCC_PCLK1Config                          0x08000b8d   Thumb Code    18  stm32f10x_rcc.o(i.RCC_PCLK1Config)
    RCC_PCLK2Config                          0x08000ba5   Thumb Code    20  stm32f10x_rcc.o(i.RCC_PCLK2Config)
    RCC_PLLCmd                               0x08000bbd   Thumb Code     6  stm32f10x_rcc.o(i.RCC_PLLCmd)
    RCC_PLLConfig                            0x08000bc9   Thumb Code    24  stm32f10x_rcc.o(i.RCC_PLLConfig)
    RCC_SYSCLKConfig                         0x08000be5   Thumb Code    18  stm32f10x_rcc.o(i.RCC_SYSCLKConfig)
    SI24R1_RecDeal                           0x08000bfd   Thumb Code    70  24l01buf.o(i.SI24R1_RecDeal)
    SPI2_ReadWriteByte                       0x08000c4d   Thumb Code    78  spi.o(i.SPI2_ReadWriteByte)
    SPI_I2S_GetFlagStatus                    0x08000ca1   Thumb Code    18  stm32f10x_spi.o(i.SPI_I2S_GetFlagStatus)
    SPI_I2S_ReceiveData                      0x08000cb3   Thumb Code     6  stm32f10x_spi.o(i.SPI_I2S_ReceiveData)
    SPI_I2S_SendData                         0x08000cb9   Thumb Code     4  stm32f10x_spi.o(i.SPI_I2S_SendData)
    SVC_Handler                              0x08000cbd   Thumb Code     2  stm32f10x_it.o(i.SVC_Handler)
    SysTick_CLKSourceConfig                  0x08000d49   Thumb Code    40  misc.o(i.SysTick_CLKSourceConfig)
    SysTick_Handler                          0x08000d71   Thumb Code     2  stm32f10x_it.o(i.SysTick_Handler)
    SystemInit                               0x08000d75   Thumb Code    78  system_stm32f10x.o(i.SystemInit)
    TIM2_IRQHandler                          0x08000dd5   Thumb Code    38  tim.o(i.TIM2_IRQHandler)
    TIM3_IRQHandler                          0x08000e01   Thumb Code    72  main.o(i.TIM3_IRQHandler)
    TIM3_Init                                0x08000e5d   Thumb Code    90  tim.o(i.TIM3_Init)
    TIM_ClearITPendingBit                    0x08000ebd   Thumb Code     6  stm32f10x_tim.o(i.TIM_ClearITPendingBit)
    TIM_Cmd                                  0x08000ec3   Thumb Code    24  stm32f10x_tim.o(i.TIM_Cmd)
    TIM_GetITStatus                          0x08000edb   Thumb Code    34  stm32f10x_tim.o(i.TIM_GetITStatus)
    TIM_ITConfig                             0x08000efd   Thumb Code    18  stm32f10x_tim.o(i.TIM_ITConfig)
    TIM_TimeBaseInit                         0x08000f11   Thumb Code   122  stm32f10x_tim.o(i.TIM_TimeBaseInit)
    Touch_Scan                               0x08000fb5   Thumb Code   172  key.o(i.Touch_Scan)
    USART1_IRQHandler                        0x08001065   Thumb Code    56  usart.o(i.USART1_IRQHandler)
    USART2_IRQHandler                        0x080010a9   Thumb Code    58  usart.o(i.USART2_IRQHandler)
    USART_ClearFlag                          0x080010f5   Thumb Code    18  stm32f10x_usart.o(i.USART_ClearFlag)
    USART_Cmd                                0x08001107   Thumb Code    24  stm32f10x_usart.o(i.USART_Cmd)
    USART_GetITStatus                        0x0800111f   Thumb Code    84  stm32f10x_usart.o(i.USART_GetITStatus)
    USART_ITConfig                           0x08001173   Thumb Code    74  stm32f10x_usart.o(i.USART_ITConfig)
    USART_Init                               0x080011bd   Thumb Code   210  stm32f10x_usart.o(i.USART_Init)
    USART_ReceiveData                        0x08001295   Thumb Code    10  stm32f10x_usart.o(i.USART_ReceiveData)
    UsageFault_Handler                       0x0800129f   Thumb Code     4  stm32f10x_it.o(i.UsageFault_Handler)
    WWDG_ClearFlag                           0x080012a5   Thumb Code     8  stm32f10x_wwdg.o(i.WWDG_ClearFlag)
    WWDG_IRQHandler                          0x080012b1   Thumb Code    16  wwdg.o(i.WWDG_IRQHandler)
    WWDG_SetCounter                          0x080012c5   Thumb Code    10  stm32f10x_wwdg.o(i.WWDG_SetCounter)
    _is_digit                                0x080012d5   Thumb Code    14  __printf_wp.o(i._is_digit)
    _sys_exit                                0x080012e3   Thumb Code     6  usart.o(i._sys_exit)
    delay_init                               0x080012e9   Thumb Code    50  delay.o(i.delay_init)
    delay_ms                                 0x0800132d   Thumb Code    84  delay.o(i.delay_ms)
    delay_us                                 0x08001385   Thumb Code    72  delay.o(i.delay_us)
    main                                     0x080013d1   Thumb Code   118  main.o(i.main)
    usart1_init                              0x0800146d   Thumb Code   182  usart.o(i.usart1_init)
    Region$$Table$$Base                      0x08001540   Number         0  anon$$obj.o(Region$$Table)
    Region$$Table$$Limit                     0x08001560   Number         0  anon$$obj.o(Region$$Table)
    key_status                               0x20000000   Data           1  main.o(.data)
    SetIDTaskFlag                            0x20000001   Data           1  main.o(.data)
    GameRunTaskFlag                          0x20000002   Data           1  main.o(.data)
    playCount                                0x20000003   Data           1  main.o(.data)
    flag_count_1ms                           0x20000005   Data           1  main.o(.data)
    flag_1ms                                 0x20000006   Data           1  main.o(.data)
    flag_10ms                                0x20000007   Data           1  main.o(.data)
    count_10ms                               0x20000008   Data           2  main.o(.data)
    colorTemp                                0x2000000a   Data           1  main.o(.data)
    liangduTemp                              0x2000000b   Data           1  main.o(.data)
    floorConTime                             0x2000000c   Data           1  main.o(.data)
    LED_LightTime50Ms                        0x2000000d   Data           1  main.o(.data)
    SystemCoreClock                          0x20000010   Data           4  system_stm32f10x.o(.data)
    AHBPrescTable                            0x20000014   Data          16  system_stm32f10x.o(.data)
    sendFailCount                            0x20000024   Data           7  24l01buf.o(.data)
    SI24R1Mode                               0x2000002b   Data           1  24l01buf.o(.data)
    __stdout                                 0x20000050   Data           4  usart.o(.data)
    usart1LEN                                0x20000054   Data           1  usart.o(.data)
    USART1_RX_STA                            0x20000055   Data           1  usart.o(.data)
    USART2_RX_STA                            0x20000056   Data           1  usart.o(.data)
    USART2_RX_LEN                            0x20000057   Data           1  usart.o(.data)
    USART_RX_STA                             0x20000058   Data           2  usart.o(.data)
    WWDG_CNT                                 0x2000005b   Data           1  wwdg.o(.data)
    msec_time                                0x2000005c   Data           1  tim.o(.data)
    sec_time                                 0x2000005d   Data           1  tim.o(.data)
    miu_time                                 0x2000005e   Data           1  tim.o(.data)
    hor_time                                 0x2000005f   Data           1  tim.o(.data)
    key_time                                 0x20000060   Data           1  tim.o(.data)
    standby_time                             0x20000061   Data           1  tim.o(.data)
    g_uint8_tRecData_Len                     0x20000064   Data           2  wifiusart.o(.data)
    UART_HAD                                 0x20000066   Data           1  wifiusart.o(.data)
    cJsonDataReturn                          0x20000068   Data           4  wifiusart.o(.data)
    ledColor                                 0x2000006c   Data           8  led.o(.data)
    sysCfg                                   0x20000074   Data          34  main.o(.bss)
    Mode1ReceiverBuf                         0x20000096   Data          42  24l01buf.o(.bss)
    Mode2ReceiverBuf                         0x200000c0   Data          42  24l01buf.o(.bss)
    Mode3ReceiverBuf                         0x200000ea   Data          42  24l01buf.o(.bss)
    RF_SendBuf                               0x20000114   Data         152  24l01buf.o(.bss)
    ballSta                                  0x200001ac   Data          28  gamepackdeal.o(.bss)
    USART1_RX_BUF                            0x200001c8   Data          50  usart.o(.bss)
    USART2_RX_BUF                            0x200001fa   Data          32  usart.o(.bss)
    USART_RX_BUF                             0x2000021a   Data          32  usart.o(.bss)
    g_uint8_tRecData                         0x2000023a   Data        2048  wifiusart.o(.bss)
    __libspace_start                         0x20000a3c   Data          96  libspace.o(.bss)
    __temporary_stack_top$libspace           0x20000a9c   Data           0  libspace.o(.bss)
    mem2base                                 0x68000000   Data        1024  malloc.o(.ARM.__AT_0x68000000)
    mem2mapbase                              0x68000400   Data          64  malloc.o(.ARM.__AT_0x68000400)



==============================================================================

Memory Map of the image

  Image Entry point : 0x08000131

  Load Region LR_IROM1 (Base: 0x08000000, Size: 0x000015d4, Max: 0x00080000, ABSOLUTE)

    Execution Region ER_IROM1 (Base: 0x08000000, Size: 0x00001560, Max: 0x00080000, ABSOLUTE)

    Base Addr    Size         Type   Attr      Idx    E Section Name        Object

    0x08000000   0x00000130   Data   RO          521    RESET               startup_stm32f10x_hd.o
    0x08000130   0x00000008   Code   RO         4731  * !!!main             c_w.l(__main.o)
    0x08000138   0x00000034   Code   RO         5045    !!!scatter          c_w.l(__scatter.o)
    0x0800016c   0x0000001a   Code   RO         5047    !!handler_copy      c_w.l(__scatter_copy.o)
    0x08000186   0x00000002   PAD
    0x08000188   0x0000001c   Code   RO         5049    !!handler_zi        c_w.l(__scatter_zi.o)
    0x080001a4   0x00000000   Code   RO         4706    .ARM.Collect$$_printf_percent$$00000000  c_w.l(_printf_percent.o)
    0x080001a4   0x00000006   Code   RO         4701    .ARM.Collect$$_printf_percent$$00000014  c_w.l(_printf_s.o)
    0x080001aa   0x00000004   Code   RO         4794    .ARM.Collect$$_printf_percent$$00000017  c_w.l(_printf_percent_end.o)
    0x080001ae   0x00000002   Code   RO         4921    .ARM.Collect$$libinit$$00000000  c_w.l(libinit.o)
    0x080001b0   0x00000000   Code   RO         4923    .ARM.Collect$$libinit$$00000002  c_w.l(libinit2.o)
    0x080001b0   0x00000000   Code   RO         4925    .ARM.Collect$$libinit$$00000004  c_w.l(libinit2.o)
    0x080001b0   0x00000000   Code   RO         4928    .ARM.Collect$$libinit$$0000000A  c_w.l(libinit2.o)
    0x080001b0   0x00000000   Code   RO         4930    .ARM.Collect$$libinit$$0000000C  c_w.l(libinit2.o)
    0x080001b0   0x00000000   Code   RO         4932    .ARM.Collect$$libinit$$0000000E  c_w.l(libinit2.o)
    0x080001b0   0x00000000   Code   RO         4935    .ARM.Collect$$libinit$$00000011  c_w.l(libinit2.o)
    0x080001b0   0x00000000   Code   RO         4937    .ARM.Collect$$libinit$$00000013  c_w.l(libinit2.o)
    0x080001b0   0x00000000   Code   RO         4939    .ARM.Collect$$libinit$$00000015  c_w.l(libinit2.o)
    0x080001b0   0x00000000   Code   RO         4941    .ARM.Collect$$libinit$$00000017  c_w.l(libinit2.o)
    0x080001b0   0x00000000   Code   RO         4943    .ARM.Collect$$libinit$$00000019  c_w.l(libinit2.o)
    0x080001b0   0x00000000   Code   RO         4945    .ARM.Collect$$libinit$$0000001B  c_w.l(libinit2.o)
    0x080001b0   0x00000000   Code   RO         4947    .ARM.Collect$$libinit$$0000001D  c_w.l(libinit2.o)
    0x080001b0   0x00000000   Code   RO         4949    .ARM.Collect$$libinit$$0000001F  c_w.l(libinit2.o)
    0x080001b0   0x00000000   Code   RO         4951    .ARM.Collect$$libinit$$00000021  c_w.l(libinit2.o)
    0x080001b0   0x00000000   Code   RO         4953    .ARM.Collect$$libinit$$00000023  c_w.l(libinit2.o)
    0x080001b0   0x00000000   Code   RO         4955    .ARM.Collect$$libinit$$00000025  c_w.l(libinit2.o)
    0x080001b0   0x00000000   Code   RO         4959    .ARM.Collect$$libinit$$0000002C  c_w.l(libinit2.o)
    0x080001b0   0x00000000   Code   RO         4961    .ARM.Collect$$libinit$$0000002E  c_w.l(libinit2.o)
    0x080001b0   0x00000000   Code   RO         4963    .ARM.Collect$$libinit$$00000030  c_w.l(libinit2.o)
    0x080001b0   0x00000000   Code   RO         4965    .ARM.Collect$$libinit$$00000032  c_w.l(libinit2.o)
    0x080001b0   0x00000002   Code   RO         4966    .ARM.Collect$$libinit$$00000033  c_w.l(libinit2.o)
    0x080001b2   0x00000002   Code   RO         4998    .ARM.Collect$$libshutdown$$00000000  c_w.l(libshutdown.o)
    0x080001b4   0x00000000   Code   RO         5008    .ARM.Collect$$libshutdown$$00000003  c_w.l(libshutdown2.o)
    0x080001b4   0x00000000   Code   RO         5011    .ARM.Collect$$libshutdown$$00000006  c_w.l(libshutdown2.o)
    0x080001b4   0x00000000   Code   RO         5014    .ARM.Collect$$libshutdown$$00000009  c_w.l(libshutdown2.o)
    0x080001b4   0x00000000   Code   RO         5016    .ARM.Collect$$libshutdown$$0000000B  c_w.l(libshutdown2.o)
    0x080001b4   0x00000000   Code   RO         5019    .ARM.Collect$$libshutdown$$0000000E  c_w.l(libshutdown2.o)
    0x080001b4   0x00000002   Code   RO         5020    .ARM.Collect$$libshutdown$$0000000F  c_w.l(libshutdown2.o)
    0x080001b6   0x00000000   Code   RO         4777    .ARM.Collect$$rtentry$$00000000  c_w.l(__rtentry.o)
    0x080001b6   0x00000000   Code   RO         4838    .ARM.Collect$$rtentry$$00000002  c_w.l(__rtentry2.o)
    0x080001b6   0x00000006   Code   RO         4850    .ARM.Collect$$rtentry$$00000004  c_w.l(__rtentry4.o)
    0x080001bc   0x00000000   Code   RO         4840    .ARM.Collect$$rtentry$$00000009  c_w.l(__rtentry2.o)
    0x080001bc   0x00000004   Code   RO         4841    .ARM.Collect$$rtentry$$0000000A  c_w.l(__rtentry2.o)
    0x080001c0   0x00000000   Code   RO         4843    .ARM.Collect$$rtentry$$0000000C  c_w.l(__rtentry2.o)
    0x080001c0   0x00000008   Code   RO         4844    .ARM.Collect$$rtentry$$0000000D  c_w.l(__rtentry2.o)
    0x080001c8   0x00000002   Code   RO         4969    .ARM.Collect$$rtexit$$00000000  c_w.l(rtexit.o)
    0x080001ca   0x00000000   Code   RO         4978    .ARM.Collect$$rtexit$$00000002  c_w.l(rtexit2.o)
    0x080001ca   0x00000004   Code   RO         4979    .ARM.Collect$$rtexit$$00000003  c_w.l(rtexit2.o)
    0x080001ce   0x00000006   Code   RO         4980    .ARM.Collect$$rtexit$$00000004  c_w.l(rtexit2.o)
    0x080001d4   0x00000040   Code   RO          522    .text               startup_stm32f10x_hd.o
    0x08000214   0x00000002   Code   RO         4640    .text               c_w.l(use_no_semi_2.o)
    0x08000216   0x00000002   PAD
    0x08000218   0x00000028   Code   RO         4650    .text               c_w.l(noretval__2sprintf.o)
    0x08000240   0x00000052   Code   RO         4656    .text               c_w.l(_printf_str.o)
    0x08000292   0x00000002   PAD
    0x08000294   0x00000138   Code   RO         4693    .text               c_w.l(__printf_flags_wp.o)
    0x080003cc   0x00000006   Code   RO         4729    .text               c_w.l(heapauxi.o)
    0x080003d2   0x00000002   Code   RO         4775    .text               c_w.l(use_no_semi.o)
    0x080003d4   0x00000030   Code   RO         4786    .text               c_w.l(_printf_char_common.o)
    0x08000404   0x0000000a   Code   RO         4788    .text               c_w.l(_sputc.o)
    0x0800040e   0x0000002c   Code   RO         4790    .text               c_w.l(_printf_char.o)
    0x0800043a   0x00000002   PAD
    0x0800043c   0x00000008   Code   RO         4909    .text               c_w.l(libspace.o)
    0x08000444   0x0000004a   Code   RO         4912    .text               c_w.l(sys_stackheap_outer.o)
    0x0800048e   0x0000000c   Code   RO         4914    .text               c_w.l(exit.o)
    0x0800049a   0x00000004   Code   RO          179    i.BusFault_Handler  stm32f10x_it.o
    0x0800049e   0x00000002   Code   RO          180    i.DebugMon_Handler  stm32f10x_it.o
    0x080004a0   0x0000002c   Code   RO          365    i.EXTI0_IRQHandler  24l01buf.o
    0x080004cc   0x0000000c   Code   RO         1335    i.EXTI_ClearITPendingBit  stm32f10x_exti.o
    0x080004d8   0x00000028   Code   RO         1339    i.EXTI_GetITStatus  stm32f10x_exti.o
    0x08000500   0x00000116   Code   RO         1688    i.GPIO_Init         stm32f10x_gpio.o
    0x08000616   0x00000002   PAD
    0x08000618   0x00000090   Code   RO         1690    i.GPIO_PinRemapConfig  stm32f10x_gpio.o
    0x080006a8   0x00000012   Code   RO         1692    i.GPIO_ReadInputDataBit  stm32f10x_gpio.o
    0x080006ba   0x00000004   Code   RO          181    i.HardFault_Handler  stm32f10x_it.o
    0x080006be   0x00000002   PAD
    0x080006c0   0x00000028   Code   RO         4291    i.KEY_Init          key.o
    0x080006e8   0x0000005c   Code   RO         4316    i.LED595SendData    led.o
    0x08000744   0x0000003e   Code   RO         4317    i.LED_COLOR_2_595   led.o
    0x08000782   0x00000002   PAD
    0x08000784   0x00000054   Code   RO         4318    i.LED_Init          led.o
    0x080007d8   0x00000004   Code   RO          182    i.MemManage_Handler  stm32f10x_it.o
    0x080007dc   0x00000048   Code   RO          369    i.Mode1_ReceiverBuf_Write  24l01buf.o
    0x08000824   0x00000002   Code   RO          183    i.NMI_Handler       stm32f10x_it.o
    0x08000826   0x00000002   PAD
    0x08000828   0x0000003c   Code   RO         4394    i.NRF24L01_Read_Buf  24l01.o
    0x08000864   0x0000002c   Code   RO         4395    i.NRF24L01_Read_Reg  24l01.o
    0x08000890   0x00000072   Code   RO         4396    i.NRF24L01_RxPacket  24l01.o
    0x08000902   0x00000002   PAD
    0x08000904   0x00000030   Code   RO         4400    i.NRF24L01_Write_Reg  24l01.o
    0x08000934   0x00000070   Code   RO          537    i.NVIC_Init         misc.o
    0x080009a4   0x00000014   Code   RO          538    i.NVIC_PriorityGroupConfig  misc.o
    0x080009b8   0x00000002   Code   RO          184    i.PendSV_Handler    stm32f10x_it.o
    0x080009ba   0x00000002   PAD
    0x080009bc   0x00000020   Code   RO         2104    i.RCC_APB1PeriphClockCmd  stm32f10x_rcc.o
    0x080009dc   0x00000020   Code   RO         2106    i.RCC_APB2PeriphClockCmd  stm32f10x_rcc.o
    0x080009fc   0x0000004c   Code   RO         2113    i.RCC_DeInit        stm32f10x_rcc.o
    0x08000a48   0x000000d4   Code   RO         2114    i.RCC_GetClocksFreq  stm32f10x_rcc.o
    0x08000b1c   0x0000003c   Code   RO         2115    i.RCC_GetFlagStatus  stm32f10x_rcc.o
    0x08000b58   0x00000010   Code   RO         2117    i.RCC_GetSYSCLKSource  stm32f10x_rcc.o
    0x08000b68   0x00000018   Code   RO         2118    i.RCC_HCLKConfig    stm32f10x_rcc.o
    0x08000b80   0x0000000c   Code   RO         2120    i.RCC_HSICmd        stm32f10x_rcc.o
    0x08000b8c   0x00000018   Code   RO         2125    i.RCC_PCLK1Config   stm32f10x_rcc.o
    0x08000ba4   0x00000018   Code   RO         2126    i.RCC_PCLK2Config   stm32f10x_rcc.o
    0x08000bbc   0x0000000c   Code   RO         2127    i.RCC_PLLCmd        stm32f10x_rcc.o
    0x08000bc8   0x0000001c   Code   RO         2128    i.RCC_PLLConfig     stm32f10x_rcc.o
    0x08000be4   0x00000018   Code   RO         2131    i.RCC_SYSCLKConfig  stm32f10x_rcc.o
    0x08000bfc   0x00000050   Code   RO          372    i.SI24R1_RecDeal    24l01buf.o
    0x08000c4c   0x00000054   Code   RO         4470    i.SPI2_ReadWriteByte  spi.o
    0x08000ca0   0x00000012   Code   RO         2591    i.SPI_I2S_GetFlagStatus  stm32f10x_spi.o
    0x08000cb2   0x00000006   Code   RO         2594    i.SPI_I2S_ReceiveData  stm32f10x_spi.o
    0x08000cb8   0x00000004   Code   RO         2595    i.SPI_I2S_SendData  stm32f10x_spi.o
    0x08000cbc   0x00000002   Code   RO          185    i.SVC_Handler       stm32f10x_it.o
    0x08000cbe   0x00000008   Code   RO          268    i.SetSysClock       system_stm32f10x.o
    0x08000cc6   0x00000002   PAD
    0x08000cc8   0x00000080   Code   RO          269    i.SetSysClockTo72   system_stm32f10x.o
    0x08000d48   0x00000028   Code   RO          541    i.SysTick_CLKSourceConfig  misc.o
    0x08000d70   0x00000002   Code   RO          186    i.SysTick_Handler   stm32f10x_it.o
    0x08000d72   0x00000002   PAD
    0x08000d74   0x00000060   Code   RO          271    i.SystemInit        system_stm32f10x.o
    0x08000dd4   0x0000002c   Code   RO         3704    i.TIM2_IRQHandler   tim.o
    0x08000e00   0x0000005c   Code   RO            1    i.TIM3_IRQHandler   main.o
    0x08000e5c   0x00000060   Code   RO         3706    i.TIM3_Init         tim.o
    0x08000ebc   0x00000006   Code   RO         2733    i.TIM_ClearITPendingBit  stm32f10x_tim.o
    0x08000ec2   0x00000018   Code   RO         2738    i.TIM_Cmd           stm32f10x_tim.o
    0x08000eda   0x00000022   Code   RO         2759    i.TIM_GetITStatus   stm32f10x_tim.o
    0x08000efc   0x00000012   Code   RO         2763    i.TIM_ITConfig      stm32f10x_tim.o
    0x08000f0e   0x00000002   PAD
    0x08000f10   0x000000a4   Code   RO         2809    i.TIM_TimeBaseInit  stm32f10x_tim.o
    0x08000fb4   0x000000b0   Code   RO         4293    i.Touch_Scan        key.o
    0x08001064   0x00000044   Code   RO         3558    i.USART1_IRQHandler  usart.o
    0x080010a8   0x0000004c   Code   RO         3560    i.USART2_IRQHandler  usart.o
    0x080010f4   0x00000012   Code   RO         3270    i.USART_ClearFlag   stm32f10x_usart.o
    0x08001106   0x00000018   Code   RO         3274    i.USART_Cmd         stm32f10x_usart.o
    0x0800111e   0x00000054   Code   RO         3278    i.USART_GetITStatus  stm32f10x_usart.o
    0x08001172   0x0000004a   Code   RO         3280    i.USART_ITConfig    stm32f10x_usart.o
    0x080011bc   0x000000d8   Code   RO         3281    i.USART_Init        stm32f10x_usart.o
    0x08001294   0x0000000a   Code   RO         3288    i.USART_ReceiveData  stm32f10x_usart.o
    0x0800129e   0x00000004   Code   RO          187    i.UsageFault_Handler  stm32f10x_it.o
    0x080012a2   0x00000002   PAD
    0x080012a4   0x0000000c   Code   RO         3450    i.WWDG_ClearFlag    stm32f10x_wwdg.o
    0x080012b0   0x00000014   Code   RO         3671    i.WWDG_IRQHandler   wwdg.o
    0x080012c4   0x00000010   Code   RO         3455    i.WWDG_SetCounter   stm32f10x_wwdg.o
    0x080012d4   0x0000000e   Code   RO         4691    i._is_digit         c_w.l(__printf_wp.o)
    0x080012e2   0x00000006   Code   RO         3562    i._sys_exit         usart.o
    0x080012e8   0x00000044   Code   RO         3504    i.delay_init        delay.o
    0x0800132c   0x00000058   Code   RO         3505    i.delay_ms          delay.o
    0x08001384   0x0000004c   Code   RO         3506    i.delay_us          delay.o
    0x080013d0   0x0000009c   Code   RO            2    i.main              main.o
    0x0800146c   0x000000c0   Code   RO         3570    i.usart1_init       usart.o
    0x0800152c   0x00000011   Data   RO         4694    .constdata          c_w.l(__printf_flags_wp.o)
    0x0800153d   0x00000003   PAD
    0x08001540   0x00000020   Data   RO         5043    Region$$Table       anon$$obj.o


    Execution Region RW_IRAM1 (Base: 0x20000000, Size: 0x00001ea0, Max: 0x00010000, ABSOLUTE)

    Base Addr    Size         Type   Attr      Idx    E Section Name        Object

    0x20000000   0x0000000e   Data   RW            4    .data               main.o
    0x2000000e   0x00000002   PAD
    0x20000010   0x00000014   Data   RW          272    .data               system_stm32f10x.o
    0x20000024   0x00000014   Data   RW          379    .data               24l01buf.o
    0x20000038   0x00000014   Data   RW         2134    .data               stm32f10x_rcc.o
    0x2000004c   0x00000004   Data   RW         3507    .data               delay.o
    0x20000050   0x0000000b   Data   RW         3572    .data               usart.o
    0x2000005b   0x00000001   Data   RW         3675    .data               wwdg.o
    0x2000005c   0x00000007   Data   RW         3707    .data               tim.o
    0x20000063   0x00000001   PAD
    0x20000064   0x00000008   Data   RW         4182    .data               wifiusart.o
    0x2000006c   0x00000008   Data   RW         4319    .data               led.o
    0x20000074   0x00000022   Zero   RW            3    .bss                main.o
    0x20000096   0x00000116   Zero   RW          378    .bss                24l01buf.o
    0x200001ac   0x0000001c   Zero   RW          465    .bss                gamepackdeal.o
    0x200001c8   0x00000072   Zero   RW         3571    .bss                usart.o
    0x2000023a   0x00000800   Zero   RW         4181    .bss                wifiusart.o
    0x20000a3a   0x00000002   PAD
    0x20000a3c   0x00000060   Zero   RW         4910    .bss                c_w.l(libspace.o)
    0x20000a9c   0x00000004   PAD
    0x20000aa0   0x00001000   Zero   RW          520    HEAP                startup_stm32f10x_hd.o
    0x20001aa0   0x00000400   Zero   RW          519    STACK               startup_stm32f10x_hd.o



  Load Region LR$$.ARM.__AT_0x68000000 (Base: 0x68000000, Size: 0x00000000, Max: 0x00000400, ABSOLUTE)

    Execution Region ER$$.ARM.__AT_0x68000000 (Base: 0x68000000, Size: 0x00000400, Max: 0x00000400, ABSOLUTE, UNINIT)

    Base Addr    Size         Type   Attr      Idx    E Section Name        Object

    0x68000000   0x00000400   Zero   RW         4220    .ARM.__AT_0x68000000  malloc.o



  Load Region LR$$.ARM.__AT_0x68000400 (Base: 0x68000400, Size: 0x00000000, Max: 0x00000040, ABSOLUTE)

    Execution Region ER$$.ARM.__AT_0x68000400 (Base: 0x68000400, Size: 0x00000040, Max: 0x00000040, ABSOLUTE, UNINIT)

    Base Addr    Size         Type   Attr      Idx    E Section Name        Object

    0x68000400   0x00000040   Zero   RW         4221    .ARM.__AT_0x68000400  malloc.o


==============================================================================

Image component sizes


      Code (inc. data)   RO Data    RW Data    ZI Data      Debug   Object Name

       266         22          0          0          0       2937   24l01.o
       196         18          0         20        278       3263   24l01buf.o
       232         26          0          4          0       1739   delay.o
         0          0          0          0         28       1780   gamepackdeal.o
       216         10          0          0          0       1456   key.o
       238         12          0          8          0       2193   led.o
       248         58          0         14         34     266303   main.o
         0          0          0          0       1088       1601   malloc.o
       172         22          0          0          0       2041   misc.o
        84          6          0          0          0        645   spi.o
        64         26        304          0       5120        828   startup_stm32f10x_hd.o
        52         12          0          0          0       1112   stm32f10x_exti.o
       440          6          0          0          0       3374   stm32f10x_gpio.o
        26          0          0          0          0       3682   stm32f10x_it.o
       576         92          0         20          0       9711   stm32f10x_rcc.o
        28          0          0          0          0       2669   stm32f10x_spi.o
       246         42          0          0          0       3514   stm32f10x_tim.o
       426          6          0          0          0       5480   stm32f10x_usart.o
        28         10          0          0          0        967   stm32f10x_wwdg.o
       232         24          0         20          0       1961   system_stm32f10x.o
       140         12          0          7          0       1503   tim.o
       342         40          0         11        114       4410   usart.o
         0          0          0          8       2048        797   wifiusart.o
        20          4          0          1          0        681   wwdg.o

    ----------------------------------------------------------------------
      4292        448        336        116       8712     324647   Object Totals
         0          0         32          0          0          0   (incl. Generated)
        20          0          0          3          2          0   (incl. Padding)

    ----------------------------------------------------------------------

      Code (inc. data)   RO Data    RW Data    ZI Data      Debug   Library Member Name

         8          0          0          0          0         68   __main.o
       312          4         17          0          0         92   __printf_flags_wp.o
        14          0          0          0          0         68   __printf_wp.o
         0          0          0          0          0          0   __rtentry.o
        12          0          0          0          0          0   __rtentry2.o
         6          0          0          0          0          0   __rtentry4.o
        52          8          0          0          0          0   __scatter.o
        26          0          0          0          0          0   __scatter_copy.o
        28          0          0          0          0          0   __scatter_zi.o
        44          0          0          0          0        108   _printf_char.o
        48          6          0          0          0         96   _printf_char_common.o
         0          0          0          0          0          0   _printf_percent.o
         4          0          0          0          0          0   _printf_percent_end.o
         6          0          0          0          0          0   _printf_s.o
        82          0          0          0          0         80   _printf_str.o
        10          0          0          0          0         68   _sputc.o
        12          0          0          0          0         72   exit.o
         6          0          0          0          0        152   heapauxi.o
         2          0          0          0          0          0   libinit.o
         2          0          0          0          0          0   libinit2.o
         2          0          0          0          0          0   libshutdown.o
         2          0          0          0          0          0   libshutdown2.o
         8          4          0          0         96         68   libspace.o
        40          6          0          0          0         84   noretval__2sprintf.o
         2          0          0          0          0          0   rtexit.o
        10          0          0          0          0          0   rtexit2.o
        74          0          0          0          0         80   sys_stackheap_outer.o
         2          0          0          0          0         68   use_no_semi.o
         2          0          0          0          0         68   use_no_semi_2.o

    ----------------------------------------------------------------------
       824         28         20          0        100       1172   Library Totals
         8          0          3          0          4          0   (incl. Padding)

    ----------------------------------------------------------------------

      Code (inc. data)   RO Data    RW Data    ZI Data      Debug   Library Name

       816         28         17          0         96       1172   c_w.l

    ----------------------------------------------------------------------
       824         28         20          0        100       1172   Library Totals

    ----------------------------------------------------------------------

==============================================================================


      Code (inc. data)   RO Data    RW Data    ZI Data      Debug   

      5116        476        356        116       8812     321707   Grand Totals
      5116        476        356        116       8812     321707   ELF Image Totals
      5116        476        356        116          0          0   ROM Totals

==============================================================================

    Total RO  Size (Code + RO Data)                 5472 (   5.34kB)
    Total RW  Size (RW Data + ZI Data)              8928 (   8.72kB)
    Total ROM Size (Code + RO Data + RW Data)       5588 (   5.46kB)

==============================================================================

